Copyright 1986-2021 Xilinx, Inc. All Rights Reserved.
------------------------------------------------------------------------------------
| Tool Version : Vivado v.2021.1 (win64) Build 3247384 Thu Jun 10 19:36:33 MDT 2021
| Date         : Fri Feb 20 14:01:14 2026
| Host         : DESKTOP-PQ1PAHT running 64-bit major release  (build 9200)
| Command      : report_control_sets -verbose -file top_control_sets_placed.rpt
| Design       : top
| Device       : xc7a35t
------------------------------------------------------------------------------------

Control Set Information

Table of Contents
-----------------
1. Summary
2. Histogram
3. Flip-Flop Distribution
4. Detailed Control Set Information

1. Summary
----------

+----------------------------------------------------------+-------+
|                          Status                          | Count |
+----------------------------------------------------------+-------+
| Total control sets                                       |    17 |
|    Minimum number of control sets                        |    17 |
|    Addition due to synthesis replication                 |     0 |
|    Addition due to physical synthesis replication        |     0 |
| Unused register locations in slices containing registers |    70 |
+----------------------------------------------------------+-------+
* Control sets can be merged at opt_design using control_set_merge or merge_equivalent_drivers
** Run report_qor_suggestions for automated merging and remapping suggestions


2. Histogram
------------

+--------------------+-------+
|       Fanout       | Count |
+--------------------+-------+
| Total control sets |    17 |
| >= 0 to < 4        |     4 |
| >= 4 to < 6        |     5 |
| >= 6 to < 8        |     4 |
| >= 8 to < 10       |     0 |
| >= 10 to < 12      |     1 |
| >= 12 to < 14      |     1 |
| >= 14 to < 16      |     0 |
| >= 16              |     2 |
+--------------------+-------+
* Control sets can be remapped at either synth_design or opt_design


3. Flip-Flop Distribution
-------------------------

+--------------+-----------------------+------------------------+-----------------+--------------+
| Clock Enable | Synchronous Set/Reset | Asynchronous Set/Reset | Total Registers | Total Slices |
+--------------+-----------------------+------------------------+-----------------+--------------+
| No           | No                    | No                     |              19 |            6 |
| No           | No                    | Yes                    |               0 |            0 |
| No           | Yes                   | No                     |              51 |           14 |
| Yes          | No                    | No                     |              19 |           10 |
| Yes          | No                    | Yes                    |              17 |            7 |
| Yes          | Yes                   | No                     |               0 |            0 |
+--------------+-----------------------+------------------------+-----------------+--------------+


4. Detailed Control Set Information
-----------------------------------

+----------------+-----------------------------------------------+------------------------------------------------------+------------------+----------------+--------------+
|  Clock Signal  |                 Enable Signal                 |                   Set/Reset Signal                   | Slice Load Count | Bel Load Count | Bels / Slice |
+----------------+-----------------------------------------------+------------------------------------------------------+------------------+----------------+--------------+
|  w_tick_BUFG   | u_btn_debouncer/U_debouncer_btnL/btn_state    |                                                      |                1 |              1 |         1.00 |
|  w_tick_BUFG   | u_btn_debouncer/U_debouncer_btnC/btn_state    |                                                      |                1 |              1 |         1.00 |
|  w_tick_BUFG   | u_btn_debouncer/U_debouncer_btnR/btn_state    |                                                      |                1 |              1 |         1.00 |
|  clk_IBUF_BUFG |                                               |                                                      |                1 |              2 |         2.00 |
|  w_tick_BUFG   |                                               | u_btn_debouncer/U_debouncer_btnC/count[3]_i_1__0_n_0 |                1 |              4 |         4.00 |
|  w_tick_BUFG   |                                               | u_btn_debouncer/U_debouncer_btnL/count[3]_i_1_n_0    |                1 |              4 |         4.00 |
|  w_tick_BUFG   |                                               | u_btn_debouncer/U_debouncer_btnR/count[3]_i_1__1_n_0 |                1 |              4 |         4.00 |
|  w_tick_BUFG   | u_control_tower/sw_tick_count                 | u_control_tower/isReset                              |                2 |              4 |         2.00 |
|  w_tick_BUFG   | u_fnd_controller/u_bin2bdc4digit/circle_count |                                                      |                3 |              4 |         1.33 |
|  w_tick_BUFG   | u_control_tower/clk_min                       |                                                      |                2 |              6 |         3.00 |
|  w_tick_BUFG   | u_control_tower/clk_sec                       |                                                      |                2 |              6 |         3.00 |
|  w_tick_BUFG   | u_control_tower/sw_sec                        | u_control_tower/isReset                              |                3 |              6 |         2.00 |
|  w_tick_BUFG   | u_control_tower/sw_ms[6]_i_1_n_0              | u_control_tower/isReset                              |                2 |              7 |         3.50 |
|  w_tick_BUFG   |                                               | u_control_tower/clk_sec                              |                3 |             10 |         3.33 |
|  w_tick_BUFG   |                                               | u_control_tower/idle_time[12]_i_1_n_0                |                4 |             13 |         3.25 |
|  clk_IBUF_BUFG |                                               | u_tick_gen/r_tick_counter[16]_i_1_n_0                |                4 |             16 |         4.00 |
|  w_tick_BUFG   |                                               |                                                      |                5 |             17 |         3.40 |
+----------------+-----------------------------------------------+------------------------------------------------------+------------------+----------------+--------------+


