Copyright 1986-2021 Xilinx, Inc. All Rights Reserved.
--------------------------------------------------------------------------------------------------------------------------------------------------------------------------------
| Tool Version : Vivado v.2021.1 (win64) Build 3247384 Thu Jun 10 19:36:33 MDT 2021
| Date         : Fri Feb 20 14:01:30 2026
| Host         : DESKTOP-PQ1PAHT running 64-bit major release  (build 9200)
| Command      : report_timing_summary -max_paths 10 -file top_timing_summary_routed.rpt -pb top_timing_summary_routed.pb -rpx top_timing_summary_routed.rpx -warn_on_violation
| Design       : top
| Device       : 7a35t-cpg236
| Speed File   : -1  PRODUCTION 1.23 2018-06-13
--------------------------------------------------------------------------------------------------------------------------------------------------------------------------------

Timing Summary Report

------------------------------------------------------------------------------------------------
| Timer Settings
| --------------
------------------------------------------------------------------------------------------------

  Enable Multi Corner Analysis               :  Yes
  Enable Pessimism Removal                   :  Yes
  Pessimism Removal Resolution               :  Nearest Common Node
  Enable Input Delay Default Clock           :  No
  Enable Preset / Clear Arcs                 :  No
  Disable Flight Delays                      :  No
  Ignore I/O Paths                           :  No
  Timing Early Launch at Borrowing Latches   :  No
  Borrow Time for Max Delay Exceptions       :  Yes
  Merge Timing Exceptions                    :  Yes

  Corner  Analyze    Analyze    
  Name    Max Paths  Min Paths  
  ------  ---------  ---------  
  Slow    Yes        Yes        
  Fast    Yes        Yes        


------------------------------------------------------------------------------------------------
| Report Methodology
| ------------------
------------------------------------------------------------------------------------------------

Rule       Severity          Description                  Violations  
---------  ----------------  ---------------------------  ----------  
TIMING-17  Critical Warning  Non-clocked sequential cell  88          

Note: This report is based on the most recent report_methodology run and may not be up-to-date. Run report_methodology on the current design for the latest report.



check_timing report

Table of Contents
-----------------
1. checking no_clock (88)
2. checking constant_clock (0)
3. checking pulse_width_clock (0)
4. checking unconstrained_internal_endpoints (176)
5. checking no_input_delay (3)
6. checking no_output_delay (12)
7. checking multiple_clock (0)
8. checking generated_clocks (0)
9. checking loops (0)
10. checking partial_input_delay (0)
11. checking partial_output_delay (0)
12. checking latch_loops (0)

1. checking no_clock (88)
-------------------------
 There are 88 register/latch pins with no clock driven by root clock pin: u_tick_gen/tick_reg/Q (HIGH)


2. checking constant_clock (0)
------------------------------
 There are 0 register/latch pins with constant_clock.


3. checking pulse_width_clock (0)
---------------------------------
 There are 0 register/latch pins which need pulse_width check


4. checking unconstrained_internal_endpoints (176)
--------------------------------------------------
 There are 176 pins that are not constrained for maximum delay. (HIGH)

 There are 0 pins that are not constrained for maximum delay due to constant clock.


5. checking no_input_delay (3)
------------------------------
 There are 3 input ports with no input delay specified. (HIGH)

 There are 0 input ports with no input delay but user has a false path constraint.


6. checking no_output_delay (12)
--------------------------------
 There are 12 ports with no output delay specified. (HIGH)

 There are 0 ports with no output delay but user has a false path constraint

 There are 0 ports with no output delay but with a timing clock defined on it or propagating through it


7. checking multiple_clock (0)
------------------------------
 There are 0 register/latch pins with multiple clocks.


8. checking generated_clocks (0)
--------------------------------
 There are 0 generated clocks that are not connected to a clock source.


9. checking loops (0)
---------------------
 There are 0 combinational loops in the design.


10. checking partial_input_delay (0)
------------------------------------
 There are 0 input ports with partial input delay specified.


11. checking partial_output_delay (0)
-------------------------------------
 There are 0 ports with partial output delay specified.


12. checking latch_loops (0)
----------------------------
 There are 0 combinational latch loops in the design through latch input



------------------------------------------------------------------------------------------------
| Design Timing Summary
| ---------------------
------------------------------------------------------------------------------------------------

    WNS(ns)      TNS(ns)  TNS Failing Endpoints  TNS Total Endpoints      WHS(ns)      THS(ns)  THS Failing Endpoints  THS Total Endpoints     WPWS(ns)     TPWS(ns)  TPWS Failing Endpoints  TPWS Total Endpoints  
    -------      -------  ---------------------  -------------------      -------      -------  ---------------------  -------------------     --------     --------  ----------------------  --------------------  
      5.350        0.000                      0                   34        0.263        0.000                      0                   34        4.500        0.000                       0                    19  


All user specified timing constraints are met.


------------------------------------------------------------------------------------------------
| Clock Summary
| -------------
------------------------------------------------------------------------------------------------

Clock        Waveform(ns)       Period(ns)      Frequency(MHz)
-----        ------------       ----------      --------------
sys_clk_pin  {0.000 5.000}      10.000          100.000         


------------------------------------------------------------------------------------------------
| Intra Clock Table
| -----------------
------------------------------------------------------------------------------------------------

Clock             WNS(ns)      TNS(ns)  TNS Failing Endpoints  TNS Total Endpoints      WHS(ns)      THS(ns)  THS Failing Endpoints  THS Total Endpoints     WPWS(ns)     TPWS(ns)  TPWS Failing Endpoints  TPWS Total Endpoints  
-----             -------      -------  ---------------------  -------------------      -------      -------  ---------------------  -------------------     --------     --------  ----------------------  --------------------  
sys_clk_pin         5.350        0.000                      0                   34        0.263        0.000                      0                   34        4.500        0.000                       0                    19  


------------------------------------------------------------------------------------------------
| Inter Clock Table
| -----------------
------------------------------------------------------------------------------------------------

From Clock    To Clock          WNS(ns)      TNS(ns)  TNS Failing Endpoints  TNS Total Endpoints      WHS(ns)      THS(ns)  THS Failing Endpoints  THS Total Endpoints  
----------    --------          -------      -------  ---------------------  -------------------      -------      -------  ---------------------  -------------------  


------------------------------------------------------------------------------------------------
| Other Path Groups Table
| -----------------------
------------------------------------------------------------------------------------------------

Path Group    From Clock    To Clock          WNS(ns)      TNS(ns)  TNS Failing Endpoints  TNS Total Endpoints      WHS(ns)      THS(ns)  THS Failing Endpoints  THS Total Endpoints  
----------    ----------    --------          -------      -------  ---------------------  -------------------      -------      -------  ---------------------  -------------------  


------------------------------------------------------------------------------------------------
| Timing Details
| --------------
------------------------------------------------------------------------------------------------


---------------------------------------------------------------------------------------------------
From Clock:  sys_clk_pin
  To Clock:  sys_clk_pin

Setup :            0  Failing Endpoints,  Worst Slack        5.350ns,  Total Violation        0.000ns
Hold  :            0  Failing Endpoints,  Worst Slack        0.263ns,  Total Violation        0.000ns
PW    :            0  Failing Endpoints,  Worst Slack        4.500ns,  Total Violation        0.000ns
---------------------------------------------------------------------------------------------------


Max Delay Paths
--------------------------------------------------------------------------------------
Slack (MET) :             5.350ns  (required time - arrival time)
  Source:                 u_tick_gen/r_tick_counter_reg[0]/C
                            (rising edge-triggered cell FDRE clocked by sys_clk_pin  {rise@0.000ns fall@5.000ns period=10.000ns})
  Destination:            u_tick_gen/r_tick_counter_reg[5]/R
                            (rising edge-triggered cell FDRE clocked by sys_clk_pin  {rise@0.000ns fall@5.000ns period=10.000ns})
  Path Group:             sys_clk_pin
  Path Type:              Setup (Max at Slow Process Corner)
  Requirement:            10.000ns  (sys_clk_pin rise@10.000ns - sys_clk_pin rise@0.000ns)
  Data Path Delay:        4.161ns  (logic 0.766ns (18.411%)  route 3.395ns (81.589%))
  Logic Levels:           2  (LUT5=1 LUT6=1)
  Clock Path Skew:        -0.025ns (DCD - SCD + CPR)
    Destination Clock Delay (DCD):    4.785ns = ( 14.785 - 10.000 ) 
    Source Clock Delay      (SCD):    5.085ns
    Clock Pessimism Removal (CPR):    0.275ns
  Clock Uncertainty:      0.035ns  ((TSJ^2 + TIJ^2)^1/2 + DJ) / 2 + PE
    Total System Jitter     (TSJ):    0.071ns
    Total Input Jitter      (TIJ):    0.000ns
    Discrete Jitter          (DJ):    0.000ns
    Phase Error              (PE):    0.000ns

    Location             Delay type                Incr(ns)  Path(ns)    Netlist Resource(s)
  -------------------------------------------------------------------    -------------------
                         (clock sys_clk_pin rise edge)
                                                      0.000     0.000 r  
    W5                                                0.000     0.000 r  clk (IN)
                         net (fo=0)                   0.000     0.000    clk
    W5                   IBUF (Prop_ibuf_I_O)         1.458     1.458 r  clk_IBUF_inst/O
                         net (fo=1, routed)           1.967     3.425    clk_IBUF
    BUFGCTRL_X0Y1        BUFG (Prop_bufg_I_O)         0.096     3.521 r  clk_IBUF_BUFG_inst/O
                         net (fo=18, routed)          1.564     5.085    u_tick_gen/clk_IBUF_BUFG
    SLICE_X34Y46         FDRE                                         r  u_tick_gen/r_tick_counter_reg[0]/C
  -------------------------------------------------------------------    -------------------
    SLICE_X34Y46         FDRE (Prop_fdre_C_Q)         0.518     5.603 r  u_tick_gen/r_tick_counter_reg[0]/Q
                         net (fo=3, routed)           2.180     7.783    u_tick_gen/r_tick_counter[0]
    SLICE_X34Y46         LUT5 (Prop_lut5_I0_O)        0.124     7.907 f  u_tick_gen/r_tick_counter[16]_i_2/O
                         net (fo=1, routed)           0.416     8.323    u_tick_gen/r_tick_counter[16]_i_2_n_0
    SLICE_X34Y45         LUT6 (Prop_lut6_I4_O)        0.124     8.447 r  u_tick_gen/r_tick_counter[16]_i_1/O
                         net (fo=17, routed)          0.798     9.246    u_tick_gen/r_tick_counter[16]_i_1_n_0
    SLICE_X35Y45         FDRE                                         r  u_tick_gen/r_tick_counter_reg[5]/R
  -------------------------------------------------------------------    -------------------

                         (clock sys_clk_pin rise edge)
                                                     10.000    10.000 r  
    W5                                                0.000    10.000 r  clk (IN)
                         net (fo=0)                   0.000    10.000    clk
    W5                   IBUF (Prop_ibuf_I_O)         1.388    11.388 r  clk_IBUF_inst/O
                         net (fo=1, routed)           1.862    13.250    clk_IBUF
    BUFGCTRL_X0Y1        BUFG (Prop_bufg_I_O)         0.091    13.341 r  clk_IBUF_BUFG_inst/O
                         net (fo=18, routed)          1.444    14.785    u_tick_gen/clk_IBUF_BUFG
    SLICE_X35Y45         FDRE                                         r  u_tick_gen/r_tick_counter_reg[5]/C
                         clock pessimism              0.275    15.060    
                         clock uncertainty           -0.035    15.025    
    SLICE_X35Y45         FDRE (Setup_fdre_C_R)       -0.429    14.596    u_tick_gen/r_tick_counter_reg[5]
  -------------------------------------------------------------------
                         required time                         14.596    
                         arrival time                          -9.246    
  -------------------------------------------------------------------
                         slack                                  5.350    

Slack (MET) :             5.350ns  (required time - arrival time)
  Source:                 u_tick_gen/r_tick_counter_reg[0]/C
                            (rising edge-triggered cell FDRE clocked by sys_clk_pin  {rise@0.000ns fall@5.000ns period=10.000ns})
  Destination:            u_tick_gen/r_tick_counter_reg[6]/R
                            (rising edge-triggered cell FDRE clocked by sys_clk_pin  {rise@0.000ns fall@5.000ns period=10.000ns})
  Path Group:             sys_clk_pin
  Path Type:              Setup (Max at Slow Process Corner)
  Requirement:            10.000ns  (sys_clk_pin rise@10.000ns - sys_clk_pin rise@0.000ns)
  Data Path Delay:        4.161ns  (logic 0.766ns (18.411%)  route 3.395ns (81.589%))
  Logic Levels:           2  (LUT5=1 LUT6=1)
  Clock Path Skew:        -0.025ns (DCD - SCD + CPR)
    Destination Clock Delay (DCD):    4.785ns = ( 14.785 - 10.000 ) 
    Source Clock Delay      (SCD):    5.085ns
    Clock Pessimism Removal (CPR):    0.275ns
  Clock Uncertainty:      0.035ns  ((TSJ^2 + TIJ^2)^1/2 + DJ) / 2 + PE
    Total System Jitter     (TSJ):    0.071ns
    Total Input Jitter      (TIJ):    0.000ns
    Discrete Jitter          (DJ):    0.000ns
    Phase Error              (PE):    0.000ns

    Location             Delay type                Incr(ns)  Path(ns)    Netlist Resource(s)
  -------------------------------------------------------------------    -------------------
                         (clock sys_clk_pin rise edge)
                                                      0.000     0.000 r  
    W5                                                0.000     0.000 r  clk (IN)
                         net (fo=0)                   0.000     0.000    clk
    W5                   IBUF (Prop_ibuf_I_O)         1.458     1.458 r  clk_IBUF_inst/O
                         net (fo=1, routed)           1.967     3.425    clk_IBUF
    BUFGCTRL_X0Y1        BUFG (Prop_bufg_I_O)         0.096     3.521 r  clk_IBUF_BUFG_inst/O
                         net (fo=18, routed)          1.564     5.085    u_tick_gen/clk_IBUF_BUFG
    SLICE_X34Y46         FDRE                                         r  u_tick_gen/r_tick_counter_reg[0]/C
  -------------------------------------------------------------------    -------------------
    SLICE_X34Y46         FDRE (Prop_fdre_C_Q)         0.518     5.603 r  u_tick_gen/r_tick_counter_reg[0]/Q
                         net (fo=3, routed)           2.180     7.783    u_tick_gen/r_tick_counter[0]
    SLICE_X34Y46         LUT5 (Prop_lut5_I0_O)        0.124     7.907 f  u_tick_gen/r_tick_counter[16]_i_2/O
                         net (fo=1, routed)           0.416     8.323    u_tick_gen/r_tick_counter[16]_i_2_n_0
    SLICE_X34Y45         LUT6 (Prop_lut6_I4_O)        0.124     8.447 r  u_tick_gen/r_tick_counter[16]_i_1/O
                         net (fo=17, routed)          0.798     9.246    u_tick_gen/r_tick_counter[16]_i_1_n_0
    SLICE_X35Y45         FDRE                                         r  u_tick_gen/r_tick_counter_reg[6]/R
  -------------------------------------------------------------------    -------------------

                         (clock sys_clk_pin rise edge)
                                                     10.000    10.000 r  
    W5                                                0.000    10.000 r  clk (IN)
                         net (fo=0)                   0.000    10.000    clk
    W5                   IBUF (Prop_ibuf_I_O)         1.388    11.388 r  clk_IBUF_inst/O
                         net (fo=1, routed)           1.862    13.250    clk_IBUF
    BUFGCTRL_X0Y1        BUFG (Prop_bufg_I_O)         0.091    13.341 r  clk_IBUF_BUFG_inst/O
                         net (fo=18, routed)          1.444    14.785    u_tick_gen/clk_IBUF_BUFG
    SLICE_X35Y45         FDRE                                         r  u_tick_gen/r_tick_counter_reg[6]/C
                         clock pessimism              0.275    15.060    
                         clock uncertainty           -0.035    15.025    
    SLICE_X35Y45         FDRE (Setup_fdre_C_R)       -0.429    14.596    u_tick_gen/r_tick_counter_reg[6]
  -------------------------------------------------------------------
                         required time                         14.596    
                         arrival time                          -9.246    
  -------------------------------------------------------------------
                         slack                                  5.350    

Slack (MET) :             5.350ns  (required time - arrival time)
  Source:                 u_tick_gen/r_tick_counter_reg[0]/C
                            (rising edge-triggered cell FDRE clocked by sys_clk_pin  {rise@0.000ns fall@5.000ns period=10.000ns})
  Destination:            u_tick_gen/r_tick_counter_reg[7]/R
                            (rising edge-triggered cell FDRE clocked by sys_clk_pin  {rise@0.000ns fall@5.000ns period=10.000ns})
  Path Group:             sys_clk_pin
  Path Type:              Setup (Max at Slow Process Corner)
  Requirement:            10.000ns  (sys_clk_pin rise@10.000ns - sys_clk_pin rise@0.000ns)
  Data Path Delay:        4.161ns  (logic 0.766ns (18.411%)  route 3.395ns (81.589%))
  Logic Levels:           2  (LUT5=1 LUT6=1)
  Clock Path Skew:        -0.025ns (DCD - SCD + CPR)
    Destination Clock Delay (DCD):    4.785ns = ( 14.785 - 10.000 ) 
    Source Clock Delay      (SCD):    5.085ns
    Clock Pessimism Removal (CPR):    0.275ns
  Clock Uncertainty:      0.035ns  ((TSJ^2 + TIJ^2)^1/2 + DJ) / 2 + PE
    Total System Jitter     (TSJ):    0.071ns
    Total Input Jitter      (TIJ):    0.000ns
    Discrete Jitter          (DJ):    0.000ns
    Phase Error              (PE):    0.000ns

    Location             Delay type                Incr(ns)  Path(ns)    Netlist Resource(s)
  -------------------------------------------------------------------    -------------------
                         (clock sys_clk_pin rise edge)
                                                      0.000     0.000 r  
    W5                                                0.000     0.000 r  clk (IN)
                         net (fo=0)                   0.000     0.000    clk
    W5                   IBUF (Prop_ibuf_I_O)         1.458     1.458 r  clk_IBUF_inst/O
                         net (fo=1, routed)           1.967     3.425    clk_IBUF
    BUFGCTRL_X0Y1        BUFG (Prop_bufg_I_O)         0.096     3.521 r  clk_IBUF_BUFG_inst/O
                         net (fo=18, routed)          1.564     5.085    u_tick_gen/clk_IBUF_BUFG
    SLICE_X34Y46         FDRE                                         r  u_tick_gen/r_tick_counter_reg[0]/C
  -------------------------------------------------------------------    -------------------
    SLICE_X34Y46         FDRE (Prop_fdre_C_Q)         0.518     5.603 r  u_tick_gen/r_tick_counter_reg[0]/Q
                         net (fo=3, routed)           2.180     7.783    u_tick_gen/r_tick_counter[0]
    SLICE_X34Y46         LUT5 (Prop_lut5_I0_O)        0.124     7.907 f  u_tick_gen/r_tick_counter[16]_i_2/O
                         net (fo=1, routed)           0.416     8.323    u_tick_gen/r_tick_counter[16]_i_2_n_0
    SLICE_X34Y45         LUT6 (Prop_lut6_I4_O)        0.124     8.447 r  u_tick_gen/r_tick_counter[16]_i_1/O
                         net (fo=17, routed)          0.798     9.246    u_tick_gen/r_tick_counter[16]_i_1_n_0
    SLICE_X35Y45         FDRE                                         r  u_tick_gen/r_tick_counter_reg[7]/R
  -------------------------------------------------------------------    -------------------

                         (clock sys_clk_pin rise edge)
                                                     10.000    10.000 r  
    W5                                                0.000    10.000 r  clk (IN)
                         net (fo=0)                   0.000    10.000    clk
    W5                   IBUF (Prop_ibuf_I_O)         1.388    11.388 r  clk_IBUF_inst/O
                         net (fo=1, routed)           1.862    13.250    clk_IBUF
    BUFGCTRL_X0Y1        BUFG (Prop_bufg_I_O)         0.091    13.341 r  clk_IBUF_BUFG_inst/O
                         net (fo=18, routed)          1.444    14.785    u_tick_gen/clk_IBUF_BUFG
    SLICE_X35Y45         FDRE                                         r  u_tick_gen/r_tick_counter_reg[7]/C
                         clock pessimism              0.275    15.060    
                         clock uncertainty           -0.035    15.025    
    SLICE_X35Y45         FDRE (Setup_fdre_C_R)       -0.429    14.596    u_tick_gen/r_tick_counter_reg[7]
  -------------------------------------------------------------------
                         required time                         14.596    
                         arrival time                          -9.246    
  -------------------------------------------------------------------
                         slack                                  5.350    

Slack (MET) :             5.350ns  (required time - arrival time)
  Source:                 u_tick_gen/r_tick_counter_reg[0]/C
                            (rising edge-triggered cell FDRE clocked by sys_clk_pin  {rise@0.000ns fall@5.000ns period=10.000ns})
  Destination:            u_tick_gen/r_tick_counter_reg[8]/R
                            (rising edge-triggered cell FDRE clocked by sys_clk_pin  {rise@0.000ns fall@5.000ns period=10.000ns})
  Path Group:             sys_clk_pin
  Path Type:              Setup (Max at Slow Process Corner)
  Requirement:            10.000ns  (sys_clk_pin rise@10.000ns - sys_clk_pin rise@0.000ns)
  Data Path Delay:        4.161ns  (logic 0.766ns (18.411%)  route 3.395ns (81.589%))
  Logic Levels:           2  (LUT5=1 LUT6=1)
  Clock Path Skew:        -0.025ns (DCD - SCD + CPR)
    Destination Clock Delay (DCD):    4.785ns = ( 14.785 - 10.000 ) 
    Source Clock Delay      (SCD):    5.085ns
    Clock Pessimism Removal (CPR):    0.275ns
  Clock Uncertainty:      0.035ns  ((TSJ^2 + TIJ^2)^1/2 + DJ) / 2 + PE
    Total System Jitter     (TSJ):    0.071ns
    Total Input Jitter      (TIJ):    0.000ns
    Discrete Jitter          (DJ):    0.000ns
    Phase Error              (PE):    0.000ns

    Location             Delay type                Incr(ns)  Path(ns)    Netlist Resource(s)
  -------------------------------------------------------------------    -------------------
                         (clock sys_clk_pin rise edge)
                                                      0.000     0.000 r  
    W5                                                0.000     0.000 r  clk (IN)
                         net (fo=0)                   0.000     0.000    clk
    W5                   IBUF (Prop_ibuf_I_O)         1.458     1.458 r  clk_IBUF_inst/O
                         net (fo=1, routed)           1.967     3.425    clk_IBUF
    BUFGCTRL_X0Y1        BUFG (Prop_bufg_I_O)         0.096     3.521 r  clk_IBUF_BUFG_inst/O
                         net (fo=18, routed)          1.564     5.085    u_tick_gen/clk_IBUF_BUFG
    SLICE_X34Y46         FDRE                                         r  u_tick_gen/r_tick_counter_reg[0]/C
  -------------------------------------------------------------------    -------------------
    SLICE_X34Y46         FDRE (Prop_fdre_C_Q)         0.518     5.603 r  u_tick_gen/r_tick_counter_reg[0]/Q
                         net (fo=3, routed)           2.180     7.783    u_tick_gen/r_tick_counter[0]
    SLICE_X34Y46         LUT5 (Prop_lut5_I0_O)        0.124     7.907 f  u_tick_gen/r_tick_counter[16]_i_2/O
                         net (fo=1, routed)           0.416     8.323    u_tick_gen/r_tick_counter[16]_i_2_n_0
    SLICE_X34Y45         LUT6 (Prop_lut6_I4_O)        0.124     8.447 r  u_tick_gen/r_tick_counter[16]_i_1/O
                         net (fo=17, routed)          0.798     9.246    u_tick_gen/r_tick_counter[16]_i_1_n_0
    SLICE_X35Y45         FDRE                                         r  u_tick_gen/r_tick_counter_reg[8]/R
  -------------------------------------------------------------------    -------------------

                         (clock sys_clk_pin rise edge)
                                                     10.000    10.000 r  
    W5                                                0.000    10.000 r  clk (IN)
                         net (fo=0)                   0.000    10.000    clk
    W5                   IBUF (Prop_ibuf_I_O)         1.388    11.388 r  clk_IBUF_inst/O
                         net (fo=1, routed)           1.862    13.250    clk_IBUF
    BUFGCTRL_X0Y1        BUFG (Prop_bufg_I_O)         0.091    13.341 r  clk_IBUF_BUFG_inst/O
                         net (fo=18, routed)          1.444    14.785    u_tick_gen/clk_IBUF_BUFG
    SLICE_X35Y45         FDRE                                         r  u_tick_gen/r_tick_counter_reg[8]/C
                         clock pessimism              0.275    15.060    
                         clock uncertainty           -0.035    15.025    
    SLICE_X35Y45         FDRE (Setup_fdre_C_R)       -0.429    14.596    u_tick_gen/r_tick_counter_reg[8]
  -------------------------------------------------------------------
                         required time                         14.596    
                         arrival time                          -9.246    
  -------------------------------------------------------------------
                         slack                                  5.350    

Slack (MET) :             5.354ns  (required time - arrival time)
  Source:                 u_tick_gen/r_tick_counter_reg[0]/C
                            (rising edge-triggered cell FDRE clocked by sys_clk_pin  {rise@0.000ns fall@5.000ns period=10.000ns})
  Destination:            u_tick_gen/r_tick_counter_reg[13]/R
                            (rising edge-triggered cell FDRE clocked by sys_clk_pin  {rise@0.000ns fall@5.000ns period=10.000ns})
  Path Group:             sys_clk_pin
  Path Type:              Setup (Max at Slow Process Corner)
  Requirement:            10.000ns  (sys_clk_pin rise@10.000ns - sys_clk_pin rise@0.000ns)
  Data Path Delay:        4.157ns  (logic 0.766ns (18.425%)  route 3.391ns (81.575%))
  Logic Levels:           2  (LUT5=1 LUT6=1)
  Clock Path Skew:        -0.024ns (DCD - SCD + CPR)
    Destination Clock Delay (DCD):    4.786ns = ( 14.786 - 10.000 ) 
    Source Clock Delay      (SCD):    5.085ns
    Clock Pessimism Removal (CPR):    0.275ns
  Clock Uncertainty:      0.035ns  ((TSJ^2 + TIJ^2)^1/2 + DJ) / 2 + PE
    Total System Jitter     (TSJ):    0.071ns
    Total Input Jitter      (TIJ):    0.000ns
    Discrete Jitter          (DJ):    0.000ns
    Phase Error              (PE):    0.000ns

    Location             Delay type                Incr(ns)  Path(ns)    Netlist Resource(s)
  -------------------------------------------------------------------    -------------------
                         (clock sys_clk_pin rise edge)
                                                      0.000     0.000 r  
    W5                                                0.000     0.000 r  clk (IN)
                         net (fo=0)                   0.000     0.000    clk
    W5                   IBUF (Prop_ibuf_I_O)         1.458     1.458 r  clk_IBUF_inst/O
                         net (fo=1, routed)           1.967     3.425    clk_IBUF
    BUFGCTRL_X0Y1        BUFG (Prop_bufg_I_O)         0.096     3.521 r  clk_IBUF_BUFG_inst/O
                         net (fo=18, routed)          1.564     5.085    u_tick_gen/clk_IBUF_BUFG
    SLICE_X34Y46         FDRE                                         r  u_tick_gen/r_tick_counter_reg[0]/C
  -------------------------------------------------------------------    -------------------
    SLICE_X34Y46         FDRE (Prop_fdre_C_Q)         0.518     5.603 r  u_tick_gen/r_tick_counter_reg[0]/Q
                         net (fo=3, routed)           2.180     7.783    u_tick_gen/r_tick_counter[0]
    SLICE_X34Y46         LUT5 (Prop_lut5_I0_O)        0.124     7.907 f  u_tick_gen/r_tick_counter[16]_i_2/O
                         net (fo=1, routed)           0.416     8.323    u_tick_gen/r_tick_counter[16]_i_2_n_0
    SLICE_X34Y45         LUT6 (Prop_lut6_I4_O)        0.124     8.447 r  u_tick_gen/r_tick_counter[16]_i_1/O
                         net (fo=17, routed)          0.795     9.243    u_tick_gen/r_tick_counter[16]_i_1_n_0
    SLICE_X35Y47         FDRE                                         r  u_tick_gen/r_tick_counter_reg[13]/R
  -------------------------------------------------------------------    -------------------

                         (clock sys_clk_pin rise edge)
                                                     10.000    10.000 r  
    W5                                                0.000    10.000 r  clk (IN)
                         net (fo=0)                   0.000    10.000    clk
    W5                   IBUF (Prop_ibuf_I_O)         1.388    11.388 r  clk_IBUF_inst/O
                         net (fo=1, routed)           1.862    13.250    clk_IBUF
    BUFGCTRL_X0Y1        BUFG (Prop_bufg_I_O)         0.091    13.341 r  clk_IBUF_BUFG_inst/O
                         net (fo=18, routed)          1.445    14.786    u_tick_gen/clk_IBUF_BUFG
    SLICE_X35Y47         FDRE                                         r  u_tick_gen/r_tick_counter_reg[13]/C
                         clock pessimism              0.275    15.061    
                         clock uncertainty           -0.035    15.026    
    SLICE_X35Y47         FDRE (Setup_fdre_C_R)       -0.429    14.597    u_tick_gen/r_tick_counter_reg[13]
  -------------------------------------------------------------------
                         required time                         14.597    
                         arrival time                          -9.243    
  -------------------------------------------------------------------
                         slack                                  5.354    

Slack (MET) :             5.354ns  (required time - arrival time)
  Source:                 u_tick_gen/r_tick_counter_reg[0]/C
                            (rising edge-triggered cell FDRE clocked by sys_clk_pin  {rise@0.000ns fall@5.000ns period=10.000ns})
  Destination:            u_tick_gen/r_tick_counter_reg[14]/R
                            (rising edge-triggered cell FDRE clocked by sys_clk_pin  {rise@0.000ns fall@5.000ns period=10.000ns})
  Path Group:             sys_clk_pin
  Path Type:              Setup (Max at Slow Process Corner)
  Requirement:            10.000ns  (sys_clk_pin rise@10.000ns - sys_clk_pin rise@0.000ns)
  Data Path Delay:        4.157ns  (logic 0.766ns (18.425%)  route 3.391ns (81.575%))
  Logic Levels:           2  (LUT5=1 LUT6=1)
  Clock Path Skew:        -0.024ns (DCD - SCD + CPR)
    Destination Clock Delay (DCD):    4.786ns = ( 14.786 - 10.000 ) 
    Source Clock Delay      (SCD):    5.085ns
    Clock Pessimism Removal (CPR):    0.275ns
  Clock Uncertainty:      0.035ns  ((TSJ^2 + TIJ^2)^1/2 + DJ) / 2 + PE
    Total System Jitter     (TSJ):    0.071ns
    Total Input Jitter      (TIJ):    0.000ns
    Discrete Jitter          (DJ):    0.000ns
    Phase Error              (PE):    0.000ns

    Location             Delay type                Incr(ns)  Path(ns)    Netlist Resource(s)
  -------------------------------------------------------------------    -------------------
                         (clock sys_clk_pin rise edge)
                                                      0.000     0.000 r  
    W5                                                0.000     0.000 r  clk (IN)
                         net (fo=0)                   0.000     0.000    clk
    W5                   IBUF (Prop_ibuf_I_O)         1.458     1.458 r  clk_IBUF_inst/O
                         net (fo=1, routed)           1.967     3.425    clk_IBUF
    BUFGCTRL_X0Y1        BUFG (Prop_bufg_I_O)         0.096     3.521 r  clk_IBUF_BUFG_inst/O
                         net (fo=18, routed)          1.564     5.085    u_tick_gen/clk_IBUF_BUFG
    SLICE_X34Y46         FDRE                                         r  u_tick_gen/r_tick_counter_reg[0]/C
  -------------------------------------------------------------------    -------------------
    SLICE_X34Y46         FDRE (Prop_fdre_C_Q)         0.518     5.603 r  u_tick_gen/r_tick_counter_reg[0]/Q
                         net (fo=3, routed)           2.180     7.783    u_tick_gen/r_tick_counter[0]
    SLICE_X34Y46         LUT5 (Prop_lut5_I0_O)        0.124     7.907 f  u_tick_gen/r_tick_counter[16]_i_2/O
                         net (fo=1, routed)           0.416     8.323    u_tick_gen/r_tick_counter[16]_i_2_n_0
    SLICE_X34Y45         LUT6 (Prop_lut6_I4_O)        0.124     8.447 r  u_tick_gen/r_tick_counter[16]_i_1/O
                         net (fo=17, routed)          0.795     9.243    u_tick_gen/r_tick_counter[16]_i_1_n_0
    SLICE_X35Y47         FDRE                                         r  u_tick_gen/r_tick_counter_reg[14]/R
  -------------------------------------------------------------------    -------------------

                         (clock sys_clk_pin rise edge)
                                                     10.000    10.000 r  
    W5                                                0.000    10.000 r  clk (IN)
                         net (fo=0)                   0.000    10.000    clk
    W5                   IBUF (Prop_ibuf_I_O)         1.388    11.388 r  clk_IBUF_inst/O
                         net (fo=1, routed)           1.862    13.250    clk_IBUF
    BUFGCTRL_X0Y1        BUFG (Prop_bufg_I_O)         0.091    13.341 r  clk_IBUF_BUFG_inst/O
                         net (fo=18, routed)          1.445    14.786    u_tick_gen/clk_IBUF_BUFG
    SLICE_X35Y47         FDRE                                         r  u_tick_gen/r_tick_counter_reg[14]/C
                         clock pessimism              0.275    15.061    
                         clock uncertainty           -0.035    15.026    
    SLICE_X35Y47         FDRE (Setup_fdre_C_R)       -0.429    14.597    u_tick_gen/r_tick_counter_reg[14]
  -------------------------------------------------------------------
                         required time                         14.597    
                         arrival time                          -9.243    
  -------------------------------------------------------------------
                         slack                                  5.354    

Slack (MET) :             5.354ns  (required time - arrival time)
  Source:                 u_tick_gen/r_tick_counter_reg[0]/C
                            (rising edge-triggered cell FDRE clocked by sys_clk_pin  {rise@0.000ns fall@5.000ns period=10.000ns})
  Destination:            u_tick_gen/r_tick_counter_reg[15]/R
                            (rising edge-triggered cell FDRE clocked by sys_clk_pin  {rise@0.000ns fall@5.000ns period=10.000ns})
  Path Group:             sys_clk_pin
  Path Type:              Setup (Max at Slow Process Corner)
  Requirement:            10.000ns  (sys_clk_pin rise@10.000ns - sys_clk_pin rise@0.000ns)
  Data Path Delay:        4.157ns  (logic 0.766ns (18.425%)  route 3.391ns (81.575%))
  Logic Levels:           2  (LUT5=1 LUT6=1)
  Clock Path Skew:        -0.024ns (DCD - SCD + CPR)
    Destination Clock Delay (DCD):    4.786ns = ( 14.786 - 10.000 ) 
    Source Clock Delay      (SCD):    5.085ns
    Clock Pessimism Removal (CPR):    0.275ns
  Clock Uncertainty:      0.035ns  ((TSJ^2 + TIJ^2)^1/2 + DJ) / 2 + PE
    Total System Jitter     (TSJ):    0.071ns
    Total Input Jitter      (TIJ):    0.000ns
    Discrete Jitter          (DJ):    0.000ns
    Phase Error              (PE):    0.000ns

    Location             Delay type                Incr(ns)  Path(ns)    Netlist Resource(s)
  -------------------------------------------------------------------    -------------------
                         (clock sys_clk_pin rise edge)
                                                      0.000     0.000 r  
    W5                                                0.000     0.000 r  clk (IN)
                         net (fo=0)                   0.000     0.000    clk
    W5                   IBUF (Prop_ibuf_I_O)         1.458     1.458 r  clk_IBUF_inst/O
                         net (fo=1, routed)           1.967     3.425    clk_IBUF
    BUFGCTRL_X0Y1        BUFG (Prop_bufg_I_O)         0.096     3.521 r  clk_IBUF_BUFG_inst/O
                         net (fo=18, routed)          1.564     5.085    u_tick_gen/clk_IBUF_BUFG
    SLICE_X34Y46         FDRE                                         r  u_tick_gen/r_tick_counter_reg[0]/C
  -------------------------------------------------------------------    -------------------
    SLICE_X34Y46         FDRE (Prop_fdre_C_Q)         0.518     5.603 r  u_tick_gen/r_tick_counter_reg[0]/Q
                         net (fo=3, routed)           2.180     7.783    u_tick_gen/r_tick_counter[0]
    SLICE_X34Y46         LUT5 (Prop_lut5_I0_O)        0.124     7.907 f  u_tick_gen/r_tick_counter[16]_i_2/O
                         net (fo=1, routed)           0.416     8.323    u_tick_gen/r_tick_counter[16]_i_2_n_0
    SLICE_X34Y45         LUT6 (Prop_lut6_I4_O)        0.124     8.447 r  u_tick_gen/r_tick_counter[16]_i_1/O
                         net (fo=17, routed)          0.795     9.243    u_tick_gen/r_tick_counter[16]_i_1_n_0
    SLICE_X35Y47         FDRE                                         r  u_tick_gen/r_tick_counter_reg[15]/R
  -------------------------------------------------------------------    -------------------

                         (clock sys_clk_pin rise edge)
                                                     10.000    10.000 r  
    W5                                                0.000    10.000 r  clk (IN)
                         net (fo=0)                   0.000    10.000    clk
    W5                   IBUF (Prop_ibuf_I_O)         1.388    11.388 r  clk_IBUF_inst/O
                         net (fo=1, routed)           1.862    13.250    clk_IBUF
    BUFGCTRL_X0Y1        BUFG (Prop_bufg_I_O)         0.091    13.341 r  clk_IBUF_BUFG_inst/O
                         net (fo=18, routed)          1.445    14.786    u_tick_gen/clk_IBUF_BUFG
    SLICE_X35Y47         FDRE                                         r  u_tick_gen/r_tick_counter_reg[15]/C
                         clock pessimism              0.275    15.061    
                         clock uncertainty           -0.035    15.026    
    SLICE_X35Y47         FDRE (Setup_fdre_C_R)       -0.429    14.597    u_tick_gen/r_tick_counter_reg[15]
  -------------------------------------------------------------------
                         required time                         14.597    
                         arrival time                          -9.243    
  -------------------------------------------------------------------
                         slack                                  5.354    

Slack (MET) :             5.354ns  (required time - arrival time)
  Source:                 u_tick_gen/r_tick_counter_reg[0]/C
                            (rising edge-triggered cell FDRE clocked by sys_clk_pin  {rise@0.000ns fall@5.000ns period=10.000ns})
  Destination:            u_tick_gen/r_tick_counter_reg[16]/R
                            (rising edge-triggered cell FDRE clocked by sys_clk_pin  {rise@0.000ns fall@5.000ns period=10.000ns})
  Path Group:             sys_clk_pin
  Path Type:              Setup (Max at Slow Process Corner)
  Requirement:            10.000ns  (sys_clk_pin rise@10.000ns - sys_clk_pin rise@0.000ns)
  Data Path Delay:        4.157ns  (logic 0.766ns (18.425%)  route 3.391ns (81.575%))
  Logic Levels:           2  (LUT5=1 LUT6=1)
  Clock Path Skew:        -0.024ns (DCD - SCD + CPR)
    Destination Clock Delay (DCD):    4.786ns = ( 14.786 - 10.000 ) 
    Source Clock Delay      (SCD):    5.085ns
    Clock Pessimism Removal (CPR):    0.275ns
  Clock Uncertainty:      0.035ns  ((TSJ^2 + TIJ^2)^1/2 + DJ) / 2 + PE
    Total System Jitter     (TSJ):    0.071ns
    Total Input Jitter      (TIJ):    0.000ns
    Discrete Jitter          (DJ):    0.000ns
    Phase Error              (PE):    0.000ns

    Location             Delay type                Incr(ns)  Path(ns)    Netlist Resource(s)
  -------------------------------------------------------------------    -------------------
                         (clock sys_clk_pin rise edge)
                                                      0.000     0.000 r  
    W5                                                0.000     0.000 r  clk (IN)
                         net (fo=0)                   0.000     0.000    clk
    W5                   IBUF (Prop_ibuf_I_O)         1.458     1.458 r  clk_IBUF_inst/O
                         net (fo=1, routed)           1.967     3.425    clk_IBUF
    BUFGCTRL_X0Y1        BUFG (Prop_bufg_I_O)         0.096     3.521 r  clk_IBUF_BUFG_inst/O
                         net (fo=18, routed)          1.564     5.085    u_tick_gen/clk_IBUF_BUFG
    SLICE_X34Y46         FDRE                                         r  u_tick_gen/r_tick_counter_reg[0]/C
  -------------------------------------------------------------------    -------------------
    SLICE_X34Y46         FDRE (Prop_fdre_C_Q)         0.518     5.603 r  u_tick_gen/r_tick_counter_reg[0]/Q
                         net (fo=3, routed)           2.180     7.783    u_tick_gen/r_tick_counter[0]
    SLICE_X34Y46         LUT5 (Prop_lut5_I0_O)        0.124     7.907 f  u_tick_gen/r_tick_counter[16]_i_2/O
                         net (fo=1, routed)           0.416     8.323    u_tick_gen/r_tick_counter[16]_i_2_n_0
    SLICE_X34Y45         LUT6 (Prop_lut6_I4_O)        0.124     8.447 r  u_tick_gen/r_tick_counter[16]_i_1/O
                         net (fo=17, routed)          0.795     9.243    u_tick_gen/r_tick_counter[16]_i_1_n_0
    SLICE_X35Y47         FDRE                                         r  u_tick_gen/r_tick_counter_reg[16]/R
  -------------------------------------------------------------------    -------------------

                         (clock sys_clk_pin rise edge)
                                                     10.000    10.000 r  
    W5                                                0.000    10.000 r  clk (IN)
                         net (fo=0)                   0.000    10.000    clk
    W5                   IBUF (Prop_ibuf_I_O)         1.388    11.388 r  clk_IBUF_inst/O
                         net (fo=1, routed)           1.862    13.250    clk_IBUF
    BUFGCTRL_X0Y1        BUFG (Prop_bufg_I_O)         0.091    13.341 r  clk_IBUF_BUFG_inst/O
                         net (fo=18, routed)          1.445    14.786    u_tick_gen/clk_IBUF_BUFG
    SLICE_X35Y47         FDRE                                         r  u_tick_gen/r_tick_counter_reg[16]/C
                         clock pessimism              0.275    15.061    
                         clock uncertainty           -0.035    15.026    
    SLICE_X35Y47         FDRE (Setup_fdre_C_R)       -0.429    14.597    u_tick_gen/r_tick_counter_reg[16]
  -------------------------------------------------------------------
                         required time                         14.597    
                         arrival time                          -9.243    
  -------------------------------------------------------------------
                         slack                                  5.354    

Slack (MET) :             5.463ns  (required time - arrival time)
  Source:                 u_tick_gen/r_tick_counter_reg[0]/C
                            (rising edge-triggered cell FDRE clocked by sys_clk_pin  {rise@0.000ns fall@5.000ns period=10.000ns})
  Destination:            u_tick_gen/r_tick_counter_reg[10]/R
                            (rising edge-triggered cell FDRE clocked by sys_clk_pin  {rise@0.000ns fall@5.000ns period=10.000ns})
  Path Group:             sys_clk_pin
  Path Type:              Setup (Max at Slow Process Corner)
  Requirement:            10.000ns  (sys_clk_pin rise@10.000ns - sys_clk_pin rise@0.000ns)
  Data Path Delay:        4.051ns  (logic 0.766ns (18.911%)  route 3.285ns (81.089%))
  Logic Levels:           2  (LUT5=1 LUT6=1)
  Clock Path Skew:        -0.022ns (DCD - SCD + CPR)
    Destination Clock Delay (DCD):    4.785ns = ( 14.785 - 10.000 ) 
    Source Clock Delay      (SCD):    5.085ns
    Clock Pessimism Removal (CPR):    0.278ns
  Clock Uncertainty:      0.035ns  ((TSJ^2 + TIJ^2)^1/2 + DJ) / 2 + PE
    Total System Jitter     (TSJ):    0.071ns
    Total Input Jitter      (TIJ):    0.000ns
    Discrete Jitter          (DJ):    0.000ns
    Phase Error              (PE):    0.000ns

    Location             Delay type                Incr(ns)  Path(ns)    Netlist Resource(s)
  -------------------------------------------------------------------    -------------------
                         (clock sys_clk_pin rise edge)
                                                      0.000     0.000 r  
    W5                                                0.000     0.000 r  clk (IN)
                         net (fo=0)                   0.000     0.000    clk
    W5                   IBUF (Prop_ibuf_I_O)         1.458     1.458 r  clk_IBUF_inst/O
                         net (fo=1, routed)           1.967     3.425    clk_IBUF
    BUFGCTRL_X0Y1        BUFG (Prop_bufg_I_O)         0.096     3.521 r  clk_IBUF_BUFG_inst/O
                         net (fo=18, routed)          1.564     5.085    u_tick_gen/clk_IBUF_BUFG
    SLICE_X34Y46         FDRE                                         r  u_tick_gen/r_tick_counter_reg[0]/C
  -------------------------------------------------------------------    -------------------
    SLICE_X34Y46         FDRE (Prop_fdre_C_Q)         0.518     5.603 r  u_tick_gen/r_tick_counter_reg[0]/Q
                         net (fo=3, routed)           2.180     7.783    u_tick_gen/r_tick_counter[0]
    SLICE_X34Y46         LUT5 (Prop_lut5_I0_O)        0.124     7.907 f  u_tick_gen/r_tick_counter[16]_i_2/O
                         net (fo=1, routed)           0.416     8.323    u_tick_gen/r_tick_counter[16]_i_2_n_0
    SLICE_X34Y45         LUT6 (Prop_lut6_I4_O)        0.124     8.447 r  u_tick_gen/r_tick_counter[16]_i_1/O
                         net (fo=17, routed)          0.688     9.136    u_tick_gen/r_tick_counter[16]_i_1_n_0
    SLICE_X35Y46         FDRE                                         r  u_tick_gen/r_tick_counter_reg[10]/R
  -------------------------------------------------------------------    -------------------

                         (clock sys_clk_pin rise edge)
                                                     10.000    10.000 r  
    W5                                                0.000    10.000 r  clk (IN)
                         net (fo=0)                   0.000    10.000    clk
    W5                   IBUF (Prop_ibuf_I_O)         1.388    11.388 r  clk_IBUF_inst/O
                         net (fo=1, routed)           1.862    13.250    clk_IBUF
    BUFGCTRL_X0Y1        BUFG (Prop_bufg_I_O)         0.091    13.341 r  clk_IBUF_BUFG_inst/O
                         net (fo=18, routed)          1.444    14.785    u_tick_gen/clk_IBUF_BUFG
    SLICE_X35Y46         FDRE                                         r  u_tick_gen/r_tick_counter_reg[10]/C
                         clock pessimism              0.278    15.063    
                         clock uncertainty           -0.035    15.028    
    SLICE_X35Y46         FDRE (Setup_fdre_C_R)       -0.429    14.599    u_tick_gen/r_tick_counter_reg[10]
  -------------------------------------------------------------------
                         required time                         14.599    
                         arrival time                          -9.136    
  -------------------------------------------------------------------
                         slack                                  5.463    

Slack (MET) :             5.463ns  (required time - arrival time)
  Source:                 u_tick_gen/r_tick_counter_reg[0]/C
                            (rising edge-triggered cell FDRE clocked by sys_clk_pin  {rise@0.000ns fall@5.000ns period=10.000ns})
  Destination:            u_tick_gen/r_tick_counter_reg[11]/R
                            (rising edge-triggered cell FDRE clocked by sys_clk_pin  {rise@0.000ns fall@5.000ns period=10.000ns})
  Path Group:             sys_clk_pin
  Path Type:              Setup (Max at Slow Process Corner)
  Requirement:            10.000ns  (sys_clk_pin rise@10.000ns - sys_clk_pin rise@0.000ns)
  Data Path Delay:        4.051ns  (logic 0.766ns (18.911%)  route 3.285ns (81.089%))
  Logic Levels:           2  (LUT5=1 LUT6=1)
  Clock Path Skew:        -0.022ns (DCD - SCD + CPR)
    Destination Clock Delay (DCD):    4.785ns = ( 14.785 - 10.000 ) 
    Source Clock Delay      (SCD):    5.085ns
    Clock Pessimism Removal (CPR):    0.278ns
  Clock Uncertainty:      0.035ns  ((TSJ^2 + TIJ^2)^1/2 + DJ) / 2 + PE
    Total System Jitter     (TSJ):    0.071ns
    Total Input Jitter      (TIJ):    0.000ns
    Discrete Jitter          (DJ):    0.000ns
    Phase Error              (PE):    0.000ns

    Location             Delay type                Incr(ns)  Path(ns)    Netlist Resource(s)
  -------------------------------------------------------------------    -------------------
                         (clock sys_clk_pin rise edge)
                                                      0.000     0.000 r  
    W5                                                0.000     0.000 r  clk (IN)
                         net (fo=0)                   0.000     0.000    clk
    W5                   IBUF (Prop_ibuf_I_O)         1.458     1.458 r  clk_IBUF_inst/O
                         net (fo=1, routed)           1.967     3.425    clk_IBUF
    BUFGCTRL_X0Y1        BUFG (Prop_bufg_I_O)         0.096     3.521 r  clk_IBUF_BUFG_inst/O
                         net (fo=18, routed)          1.564     5.085    u_tick_gen/clk_IBUF_BUFG
    SLICE_X34Y46         FDRE                                         r  u_tick_gen/r_tick_counter_reg[0]/C
  -------------------------------------------------------------------    -------------------
    SLICE_X34Y46         FDRE (Prop_fdre_C_Q)         0.518     5.603 r  u_tick_gen/r_tick_counter_reg[0]/Q
                         net (fo=3, routed)           2.180     7.783    u_tick_gen/r_tick_counter[0]
    SLICE_X34Y46         LUT5 (Prop_lut5_I0_O)        0.124     7.907 f  u_tick_gen/r_tick_counter[16]_i_2/O
                         net (fo=1, routed)           0.416     8.323    u_tick_gen/r_tick_counter[16]_i_2_n_0
    SLICE_X34Y45         LUT6 (Prop_lut6_I4_O)        0.124     8.447 r  u_tick_gen/r_tick_counter[16]_i_1/O
                         net (fo=17, routed)          0.688     9.136    u_tick_gen/r_tick_counter[16]_i_1_n_0
    SLICE_X35Y46         FDRE                                         r  u_tick_gen/r_tick_counter_reg[11]/R
  -------------------------------------------------------------------    -------------------

                         (clock sys_clk_pin rise edge)
                                                     10.000    10.000 r  
    W5                                                0.000    10.000 r  clk (IN)
                         net (fo=0)                   0.000    10.000    clk
    W5                   IBUF (Prop_ibuf_I_O)         1.388    11.388 r  clk_IBUF_inst/O
                         net (fo=1, routed)           1.862    13.250    clk_IBUF
    BUFGCTRL_X0Y1        BUFG (Prop_bufg_I_O)         0.091    13.341 r  clk_IBUF_BUFG_inst/O
                         net (fo=18, routed)          1.444    14.785    u_tick_gen/clk_IBUF_BUFG
    SLICE_X35Y46         FDRE                                         r  u_tick_gen/r_tick_counter_reg[11]/C
                         clock pessimism              0.278    15.063    
                         clock uncertainty           -0.035    15.028    
    SLICE_X35Y46         FDRE (Setup_fdre_C_R)       -0.429    14.599    u_tick_gen/r_tick_counter_reg[11]
  -------------------------------------------------------------------
                         required time                         14.599    
                         arrival time                          -9.136    
  -------------------------------------------------------------------
                         slack                                  5.463    





Min Delay Paths
--------------------------------------------------------------------------------------
Slack (MET) :             0.263ns  (arrival time - required time)
  Source:                 u_tick_gen/r_tick_counter_reg[12]/C
                            (rising edge-triggered cell FDRE clocked by sys_clk_pin  {rise@0.000ns fall@5.000ns period=10.000ns})
  Destination:            u_tick_gen/r_tick_counter_reg[12]/D
                            (rising edge-triggered cell FDRE clocked by sys_clk_pin  {rise@0.000ns fall@5.000ns period=10.000ns})
  Path Group:             sys_clk_pin
  Path Type:              Hold (Min at Fast Process Corner)
  Requirement:            0.000ns  (sys_clk_pin rise@0.000ns - sys_clk_pin rise@0.000ns)
  Data Path Delay:        0.368ns  (logic 0.249ns (67.612%)  route 0.119ns (32.388%))
  Logic Levels:           1  (CARRY4=1)
  Clock Path Skew:        0.000ns (DCD - SCD - CPR)
    Destination Clock Delay (DCD):    1.958ns
    Source Clock Delay      (SCD):    1.445ns
    Clock Pessimism Removal (CPR):    0.513ns

    Location             Delay type                Incr(ns)  Path(ns)    Netlist Resource(s)
  -------------------------------------------------------------------    -------------------
                         (clock sys_clk_pin rise edge)
                                                      0.000     0.000 r  
    W5                                                0.000     0.000 r  clk (IN)
                         net (fo=0)                   0.000     0.000    clk
    W5                   IBUF (Prop_ibuf_I_O)         0.226     0.226 r  clk_IBUF_inst/O
                         net (fo=1, routed)           0.631     0.858    clk_IBUF
    BUFGCTRL_X0Y1        BUFG (Prop_bufg_I_O)         0.026     0.884 r  clk_IBUF_BUFG_inst/O
                         net (fo=18, routed)          0.562     1.445    u_tick_gen/clk_IBUF_BUFG
    SLICE_X35Y46         FDRE                                         r  u_tick_gen/r_tick_counter_reg[12]/C
  -------------------------------------------------------------------    -------------------
    SLICE_X35Y46         FDRE (Prop_fdre_C_Q)         0.141     1.586 r  u_tick_gen/r_tick_counter_reg[12]/Q
                         net (fo=2, routed)           0.119     1.705    u_tick_gen/r_tick_counter[12]
    SLICE_X35Y46         CARRY4 (Prop_carry4_S[3]_O[3])
                                                      0.108     1.813 r  u_tick_gen/r_tick_counter0_carry__1/O[3]
                         net (fo=1, routed)           0.000     1.813    u_tick_gen/r_tick_counter0_carry__1_n_4
    SLICE_X35Y46         FDRE                                         r  u_tick_gen/r_tick_counter_reg[12]/D
  -------------------------------------------------------------------    -------------------

                         (clock sys_clk_pin rise edge)
                                                      0.000     0.000 r  
    W5                                                0.000     0.000 r  clk (IN)
                         net (fo=0)                   0.000     0.000    clk
    W5                   IBUF (Prop_ibuf_I_O)         0.414     0.414 r  clk_IBUF_inst/O
                         net (fo=1, routed)           0.685     1.099    clk_IBUF
    BUFGCTRL_X0Y1        BUFG (Prop_bufg_I_O)         0.029     1.128 r  clk_IBUF_BUFG_inst/O
                         net (fo=18, routed)          0.831     1.958    u_tick_gen/clk_IBUF_BUFG
    SLICE_X35Y46         FDRE                                         r  u_tick_gen/r_tick_counter_reg[12]/C
                         clock pessimism             -0.513     1.445    
    SLICE_X35Y46         FDRE (Hold_fdre_C_D)         0.105     1.550    u_tick_gen/r_tick_counter_reg[12]
  -------------------------------------------------------------------
                         required time                         -1.550    
                         arrival time                           1.813    
  -------------------------------------------------------------------
                         slack                                  0.263    

Slack (MET) :             0.264ns  (arrival time - required time)
  Source:                 u_tick_gen/r_tick_counter_reg[16]/C
                            (rising edge-triggered cell FDRE clocked by sys_clk_pin  {rise@0.000ns fall@5.000ns period=10.000ns})
  Destination:            u_tick_gen/r_tick_counter_reg[16]/D
                            (rising edge-triggered cell FDRE clocked by sys_clk_pin  {rise@0.000ns fall@5.000ns period=10.000ns})
  Path Group:             sys_clk_pin
  Path Type:              Hold (Min at Fast Process Corner)
  Requirement:            0.000ns  (sys_clk_pin rise@0.000ns - sys_clk_pin rise@0.000ns)
  Data Path Delay:        0.369ns  (logic 0.249ns (67.424%)  route 0.120ns (32.576%))
  Logic Levels:           1  (CARRY4=1)
  Clock Path Skew:        0.000ns (DCD - SCD - CPR)
    Destination Clock Delay (DCD):    1.959ns
    Source Clock Delay      (SCD):    1.446ns
    Clock Pessimism Removal (CPR):    0.513ns

    Location             Delay type                Incr(ns)  Path(ns)    Netlist Resource(s)
  -------------------------------------------------------------------    -------------------
                         (clock sys_clk_pin rise edge)
                                                      0.000     0.000 r  
    W5                                                0.000     0.000 r  clk (IN)
                         net (fo=0)                   0.000     0.000    clk
    W5                   IBUF (Prop_ibuf_I_O)         0.226     0.226 r  clk_IBUF_inst/O
                         net (fo=1, routed)           0.631     0.858    clk_IBUF
    BUFGCTRL_X0Y1        BUFG (Prop_bufg_I_O)         0.026     0.884 r  clk_IBUF_BUFG_inst/O
                         net (fo=18, routed)          0.563     1.446    u_tick_gen/clk_IBUF_BUFG
    SLICE_X35Y47         FDRE                                         r  u_tick_gen/r_tick_counter_reg[16]/C
  -------------------------------------------------------------------    -------------------
    SLICE_X35Y47         FDRE (Prop_fdre_C_Q)         0.141     1.587 r  u_tick_gen/r_tick_counter_reg[16]/Q
                         net (fo=2, routed)           0.120     1.707    u_tick_gen/r_tick_counter[16]
    SLICE_X35Y47         CARRY4 (Prop_carry4_S[3]_O[3])
                                                      0.108     1.815 r  u_tick_gen/r_tick_counter0_carry__2/O[3]
                         net (fo=1, routed)           0.000     1.815    u_tick_gen/r_tick_counter0_carry__2_n_4
    SLICE_X35Y47         FDRE                                         r  u_tick_gen/r_tick_counter_reg[16]/D
  -------------------------------------------------------------------    -------------------

                         (clock sys_clk_pin rise edge)
                                                      0.000     0.000 r  
    W5                                                0.000     0.000 r  clk (IN)
                         net (fo=0)                   0.000     0.000    clk
    W5                   IBUF (Prop_ibuf_I_O)         0.414     0.414 r  clk_IBUF_inst/O
                         net (fo=1, routed)           0.685     1.099    clk_IBUF
    BUFGCTRL_X0Y1        BUFG (Prop_bufg_I_O)         0.029     1.128 r  clk_IBUF_BUFG_inst/O
                         net (fo=18, routed)          0.832     1.959    u_tick_gen/clk_IBUF_BUFG
    SLICE_X35Y47         FDRE                                         r  u_tick_gen/r_tick_counter_reg[16]/C
                         clock pessimism             -0.513     1.446    
    SLICE_X35Y47         FDRE (Hold_fdre_C_D)         0.105     1.551    u_tick_gen/r_tick_counter_reg[16]
  -------------------------------------------------------------------
                         required time                         -1.551    
                         arrival time                           1.815    
  -------------------------------------------------------------------
                         slack                                  0.264    

Slack (MET) :             0.264ns  (arrival time - required time)
  Source:                 u_tick_gen/r_tick_counter_reg[4]/C
                            (rising edge-triggered cell FDRE clocked by sys_clk_pin  {rise@0.000ns fall@5.000ns period=10.000ns})
  Destination:            u_tick_gen/r_tick_counter_reg[4]/D
                            (rising edge-triggered cell FDRE clocked by sys_clk_pin  {rise@0.000ns fall@5.000ns period=10.000ns})
  Path Group:             sys_clk_pin
  Path Type:              Hold (Min at Fast Process Corner)
  Requirement:            0.000ns  (sys_clk_pin rise@0.000ns - sys_clk_pin rise@0.000ns)
  Data Path Delay:        0.369ns  (logic 0.249ns (67.424%)  route 0.120ns (32.576%))
  Logic Levels:           1  (CARRY4=1)
  Clock Path Skew:        0.000ns (DCD - SCD - CPR)
    Destination Clock Delay (DCD):    1.958ns
    Source Clock Delay      (SCD):    1.445ns
    Clock Pessimism Removal (CPR):    0.513ns

    Location             Delay type                Incr(ns)  Path(ns)    Netlist Resource(s)
  -------------------------------------------------------------------    -------------------
                         (clock sys_clk_pin rise edge)
                                                      0.000     0.000 r  
    W5                                                0.000     0.000 r  clk (IN)
                         net (fo=0)                   0.000     0.000    clk
    W5                   IBUF (Prop_ibuf_I_O)         0.226     0.226 r  clk_IBUF_inst/O
                         net (fo=1, routed)           0.631     0.858    clk_IBUF
    BUFGCTRL_X0Y1        BUFG (Prop_bufg_I_O)         0.026     0.884 r  clk_IBUF_BUFG_inst/O
                         net (fo=18, routed)          0.562     1.445    u_tick_gen/clk_IBUF_BUFG
    SLICE_X35Y44         FDRE                                         r  u_tick_gen/r_tick_counter_reg[4]/C
  -------------------------------------------------------------------    -------------------
    SLICE_X35Y44         FDRE (Prop_fdre_C_Q)         0.141     1.586 r  u_tick_gen/r_tick_counter_reg[4]/Q
                         net (fo=2, routed)           0.120     1.706    u_tick_gen/r_tick_counter[4]
    SLICE_X35Y44         CARRY4 (Prop_carry4_S[3]_O[3])
                                                      0.108     1.814 r  u_tick_gen/r_tick_counter0_carry/O[3]
                         net (fo=1, routed)           0.000     1.814    u_tick_gen/r_tick_counter0_carry_n_4
    SLICE_X35Y44         FDRE                                         r  u_tick_gen/r_tick_counter_reg[4]/D
  -------------------------------------------------------------------    -------------------

                         (clock sys_clk_pin rise edge)
                                                      0.000     0.000 r  
    W5                                                0.000     0.000 r  clk (IN)
                         net (fo=0)                   0.000     0.000    clk
    W5                   IBUF (Prop_ibuf_I_O)         0.414     0.414 r  clk_IBUF_inst/O
                         net (fo=1, routed)           0.685     1.099    clk_IBUF
    BUFGCTRL_X0Y1        BUFG (Prop_bufg_I_O)         0.029     1.128 r  clk_IBUF_BUFG_inst/O
                         net (fo=18, routed)          0.831     1.958    u_tick_gen/clk_IBUF_BUFG
    SLICE_X35Y44         FDRE                                         r  u_tick_gen/r_tick_counter_reg[4]/C
                         clock pessimism             -0.513     1.445    
    SLICE_X35Y44         FDRE (Hold_fdre_C_D)         0.105     1.550    u_tick_gen/r_tick_counter_reg[4]
  -------------------------------------------------------------------
                         required time                         -1.550    
                         arrival time                           1.814    
  -------------------------------------------------------------------
                         slack                                  0.264    

Slack (MET) :             0.264ns  (arrival time - required time)
  Source:                 u_tick_gen/r_tick_counter_reg[8]/C
                            (rising edge-triggered cell FDRE clocked by sys_clk_pin  {rise@0.000ns fall@5.000ns period=10.000ns})
  Destination:            u_tick_gen/r_tick_counter_reg[8]/D
                            (rising edge-triggered cell FDRE clocked by sys_clk_pin  {rise@0.000ns fall@5.000ns period=10.000ns})
  Path Group:             sys_clk_pin
  Path Type:              Hold (Min at Fast Process Corner)
  Requirement:            0.000ns  (sys_clk_pin rise@0.000ns - sys_clk_pin rise@0.000ns)
  Data Path Delay:        0.369ns  (logic 0.249ns (67.424%)  route 0.120ns (32.576%))
  Logic Levels:           1  (CARRY4=1)
  Clock Path Skew:        0.000ns (DCD - SCD - CPR)
    Destination Clock Delay (DCD):    1.958ns
    Source Clock Delay      (SCD):    1.445ns
    Clock Pessimism Removal (CPR):    0.513ns

    Location             Delay type                Incr(ns)  Path(ns)    Netlist Resource(s)
  -------------------------------------------------------------------    -------------------
                         (clock sys_clk_pin rise edge)
                                                      0.000     0.000 r  
    W5                                                0.000     0.000 r  clk (IN)
                         net (fo=0)                   0.000     0.000    clk
    W5                   IBUF (Prop_ibuf_I_O)         0.226     0.226 r  clk_IBUF_inst/O
                         net (fo=1, routed)           0.631     0.858    clk_IBUF
    BUFGCTRL_X0Y1        BUFG (Prop_bufg_I_O)         0.026     0.884 r  clk_IBUF_BUFG_inst/O
                         net (fo=18, routed)          0.562     1.445    u_tick_gen/clk_IBUF_BUFG
    SLICE_X35Y45         FDRE                                         r  u_tick_gen/r_tick_counter_reg[8]/C
  -------------------------------------------------------------------    -------------------
    SLICE_X35Y45         FDRE (Prop_fdre_C_Q)         0.141     1.586 r  u_tick_gen/r_tick_counter_reg[8]/Q
                         net (fo=2, routed)           0.120     1.706    u_tick_gen/r_tick_counter[8]
    SLICE_X35Y45         CARRY4 (Prop_carry4_S[3]_O[3])
                                                      0.108     1.814 r  u_tick_gen/r_tick_counter0_carry__0/O[3]
                         net (fo=1, routed)           0.000     1.814    u_tick_gen/r_tick_counter0_carry__0_n_4
    SLICE_X35Y45         FDRE                                         r  u_tick_gen/r_tick_counter_reg[8]/D
  -------------------------------------------------------------------    -------------------

                         (clock sys_clk_pin rise edge)
                                                      0.000     0.000 r  
    W5                                                0.000     0.000 r  clk (IN)
                         net (fo=0)                   0.000     0.000    clk
    W5                   IBUF (Prop_ibuf_I_O)         0.414     0.414 r  clk_IBUF_inst/O
                         net (fo=1, routed)           0.685     1.099    clk_IBUF
    BUFGCTRL_X0Y1        BUFG (Prop_bufg_I_O)         0.029     1.128 r  clk_IBUF_BUFG_inst/O
                         net (fo=18, routed)          0.831     1.958    u_tick_gen/clk_IBUF_BUFG
    SLICE_X35Y45         FDRE                                         r  u_tick_gen/r_tick_counter_reg[8]/C
                         clock pessimism             -0.513     1.445    
    SLICE_X35Y45         FDRE (Hold_fdre_C_D)         0.105     1.550    u_tick_gen/r_tick_counter_reg[8]
  -------------------------------------------------------------------
                         required time                         -1.550    
                         arrival time                           1.814    
  -------------------------------------------------------------------
                         slack                                  0.264    

Slack (MET) :             0.265ns  (arrival time - required time)
  Source:                 u_tick_gen/r_tick_counter_reg[5]/C
                            (rising edge-triggered cell FDRE clocked by sys_clk_pin  {rise@0.000ns fall@5.000ns period=10.000ns})
  Destination:            u_tick_gen/r_tick_counter_reg[5]/D
                            (rising edge-triggered cell FDRE clocked by sys_clk_pin  {rise@0.000ns fall@5.000ns period=10.000ns})
  Path Group:             sys_clk_pin
  Path Type:              Hold (Min at Fast Process Corner)
  Requirement:            0.000ns  (sys_clk_pin rise@0.000ns - sys_clk_pin rise@0.000ns)
  Data Path Delay:        0.370ns  (logic 0.256ns (69.181%)  route 0.114ns (30.819%))
  Logic Levels:           1  (CARRY4=1)
  Clock Path Skew:        0.000ns (DCD - SCD - CPR)
    Destination Clock Delay (DCD):    1.958ns
    Source Clock Delay      (SCD):    1.445ns
    Clock Pessimism Removal (CPR):    0.513ns

    Location             Delay type                Incr(ns)  Path(ns)    Netlist Resource(s)
  -------------------------------------------------------------------    -------------------
                         (clock sys_clk_pin rise edge)
                                                      0.000     0.000 r  
    W5                                                0.000     0.000 r  clk (IN)
                         net (fo=0)                   0.000     0.000    clk
    W5                   IBUF (Prop_ibuf_I_O)         0.226     0.226 r  clk_IBUF_inst/O
                         net (fo=1, routed)           0.631     0.858    clk_IBUF
    BUFGCTRL_X0Y1        BUFG (Prop_bufg_I_O)         0.026     0.884 r  clk_IBUF_BUFG_inst/O
                         net (fo=18, routed)          0.562     1.445    u_tick_gen/clk_IBUF_BUFG
    SLICE_X35Y45         FDRE                                         r  u_tick_gen/r_tick_counter_reg[5]/C
  -------------------------------------------------------------------    -------------------
    SLICE_X35Y45         FDRE (Prop_fdre_C_Q)         0.141     1.586 r  u_tick_gen/r_tick_counter_reg[5]/Q
                         net (fo=2, routed)           0.114     1.700    u_tick_gen/r_tick_counter[5]
    SLICE_X35Y45         CARRY4 (Prop_carry4_S[0]_O[0])
                                                      0.115     1.815 r  u_tick_gen/r_tick_counter0_carry__0/O[0]
                         net (fo=1, routed)           0.000     1.815    u_tick_gen/r_tick_counter0_carry__0_n_7
    SLICE_X35Y45         FDRE                                         r  u_tick_gen/r_tick_counter_reg[5]/D
  -------------------------------------------------------------------    -------------------

                         (clock sys_clk_pin rise edge)
                                                      0.000     0.000 r  
    W5                                                0.000     0.000 r  clk (IN)
                         net (fo=0)                   0.000     0.000    clk
    W5                   IBUF (Prop_ibuf_I_O)         0.414     0.414 r  clk_IBUF_inst/O
                         net (fo=1, routed)           0.685     1.099    clk_IBUF
    BUFGCTRL_X0Y1        BUFG (Prop_bufg_I_O)         0.029     1.128 r  clk_IBUF_BUFG_inst/O
                         net (fo=18, routed)          0.831     1.958    u_tick_gen/clk_IBUF_BUFG
    SLICE_X35Y45         FDRE                                         r  u_tick_gen/r_tick_counter_reg[5]/C
                         clock pessimism             -0.513     1.445    
    SLICE_X35Y45         FDRE (Hold_fdre_C_D)         0.105     1.550    u_tick_gen/r_tick_counter_reg[5]
  -------------------------------------------------------------------
                         required time                         -1.550    
                         arrival time                           1.815    
  -------------------------------------------------------------------
                         slack                                  0.265    

Slack (MET) :             0.267ns  (arrival time - required time)
  Source:                 u_tick_gen/r_tick_counter_reg[9]/C
                            (rising edge-triggered cell FDRE clocked by sys_clk_pin  {rise@0.000ns fall@5.000ns period=10.000ns})
  Destination:            u_tick_gen/r_tick_counter_reg[9]/D
                            (rising edge-triggered cell FDRE clocked by sys_clk_pin  {rise@0.000ns fall@5.000ns period=10.000ns})
  Path Group:             sys_clk_pin
  Path Type:              Hold (Min at Fast Process Corner)
  Requirement:            0.000ns  (sys_clk_pin rise@0.000ns - sys_clk_pin rise@0.000ns)
  Data Path Delay:        0.372ns  (logic 0.256ns (68.766%)  route 0.116ns (31.234%))
  Logic Levels:           1  (CARRY4=1)
  Clock Path Skew:        0.000ns (DCD - SCD - CPR)
    Destination Clock Delay (DCD):    1.958ns
    Source Clock Delay      (SCD):    1.445ns
    Clock Pessimism Removal (CPR):    0.513ns

    Location             Delay type                Incr(ns)  Path(ns)    Netlist Resource(s)
  -------------------------------------------------------------------    -------------------
                         (clock sys_clk_pin rise edge)
                                                      0.000     0.000 r  
    W5                                                0.000     0.000 r  clk (IN)
                         net (fo=0)                   0.000     0.000    clk
    W5                   IBUF (Prop_ibuf_I_O)         0.226     0.226 r  clk_IBUF_inst/O
                         net (fo=1, routed)           0.631     0.858    clk_IBUF
    BUFGCTRL_X0Y1        BUFG (Prop_bufg_I_O)         0.026     0.884 r  clk_IBUF_BUFG_inst/O
                         net (fo=18, routed)          0.562     1.445    u_tick_gen/clk_IBUF_BUFG
    SLICE_X35Y46         FDRE                                         r  u_tick_gen/r_tick_counter_reg[9]/C
  -------------------------------------------------------------------    -------------------
    SLICE_X35Y46         FDRE (Prop_fdre_C_Q)         0.141     1.586 r  u_tick_gen/r_tick_counter_reg[9]/Q
                         net (fo=2, routed)           0.116     1.702    u_tick_gen/r_tick_counter[9]
    SLICE_X35Y46         CARRY4 (Prop_carry4_S[0]_O[0])
                                                      0.115     1.817 r  u_tick_gen/r_tick_counter0_carry__1/O[0]
                         net (fo=1, routed)           0.000     1.817    u_tick_gen/r_tick_counter0_carry__1_n_7
    SLICE_X35Y46         FDRE                                         r  u_tick_gen/r_tick_counter_reg[9]/D
  -------------------------------------------------------------------    -------------------

                         (clock sys_clk_pin rise edge)
                                                      0.000     0.000 r  
    W5                                                0.000     0.000 r  clk (IN)
                         net (fo=0)                   0.000     0.000    clk
    W5                   IBUF (Prop_ibuf_I_O)         0.414     0.414 r  clk_IBUF_inst/O
                         net (fo=1, routed)           0.685     1.099    clk_IBUF
    BUFGCTRL_X0Y1        BUFG (Prop_bufg_I_O)         0.029     1.128 r  clk_IBUF_BUFG_inst/O
                         net (fo=18, routed)          0.831     1.958    u_tick_gen/clk_IBUF_BUFG
    SLICE_X35Y46         FDRE                                         r  u_tick_gen/r_tick_counter_reg[9]/C
                         clock pessimism             -0.513     1.445    
    SLICE_X35Y46         FDRE (Hold_fdre_C_D)         0.105     1.550    u_tick_gen/r_tick_counter_reg[9]
  -------------------------------------------------------------------
                         required time                         -1.550    
                         arrival time                           1.817    
  -------------------------------------------------------------------
                         slack                                  0.267    

Slack (MET) :             0.267ns  (arrival time - required time)
  Source:                 u_tick_gen/r_tick_counter_reg[11]/C
                            (rising edge-triggered cell FDRE clocked by sys_clk_pin  {rise@0.000ns fall@5.000ns period=10.000ns})
  Destination:            u_tick_gen/r_tick_counter_reg[11]/D
                            (rising edge-triggered cell FDRE clocked by sys_clk_pin  {rise@0.000ns fall@5.000ns period=10.000ns})
  Path Group:             sys_clk_pin
  Path Type:              Hold (Min at Fast Process Corner)
  Requirement:            0.000ns  (sys_clk_pin rise@0.000ns - sys_clk_pin rise@0.000ns)
  Data Path Delay:        0.372ns  (logic 0.252ns (67.654%)  route 0.120ns (32.346%))
  Logic Levels:           1  (CARRY4=1)
  Clock Path Skew:        0.000ns (DCD - SCD - CPR)
    Destination Clock Delay (DCD):    1.958ns
    Source Clock Delay      (SCD):    1.445ns
    Clock Pessimism Removal (CPR):    0.513ns

    Location             Delay type                Incr(ns)  Path(ns)    Netlist Resource(s)
  -------------------------------------------------------------------    -------------------
                         (clock sys_clk_pin rise edge)
                                                      0.000     0.000 r  
    W5                                                0.000     0.000 r  clk (IN)
                         net (fo=0)                   0.000     0.000    clk
    W5                   IBUF (Prop_ibuf_I_O)         0.226     0.226 r  clk_IBUF_inst/O
                         net (fo=1, routed)           0.631     0.858    clk_IBUF
    BUFGCTRL_X0Y1        BUFG (Prop_bufg_I_O)         0.026     0.884 r  clk_IBUF_BUFG_inst/O
                         net (fo=18, routed)          0.562     1.445    u_tick_gen/clk_IBUF_BUFG
    SLICE_X35Y46         FDRE                                         r  u_tick_gen/r_tick_counter_reg[11]/C
  -------------------------------------------------------------------    -------------------
    SLICE_X35Y46         FDRE (Prop_fdre_C_Q)         0.141     1.586 r  u_tick_gen/r_tick_counter_reg[11]/Q
                         net (fo=2, routed)           0.120     1.707    u_tick_gen/r_tick_counter[11]
    SLICE_X35Y46         CARRY4 (Prop_carry4_S[2]_O[2])
                                                      0.111     1.818 r  u_tick_gen/r_tick_counter0_carry__1/O[2]
                         net (fo=1, routed)           0.000     1.818    u_tick_gen/r_tick_counter0_carry__1_n_5
    SLICE_X35Y46         FDRE                                         r  u_tick_gen/r_tick_counter_reg[11]/D
  -------------------------------------------------------------------    -------------------

                         (clock sys_clk_pin rise edge)
                                                      0.000     0.000 r  
    W5                                                0.000     0.000 r  clk (IN)
                         net (fo=0)                   0.000     0.000    clk
    W5                   IBUF (Prop_ibuf_I_O)         0.414     0.414 r  clk_IBUF_inst/O
                         net (fo=1, routed)           0.685     1.099    clk_IBUF
    BUFGCTRL_X0Y1        BUFG (Prop_bufg_I_O)         0.029     1.128 r  clk_IBUF_BUFG_inst/O
                         net (fo=18, routed)          0.831     1.958    u_tick_gen/clk_IBUF_BUFG
    SLICE_X35Y46         FDRE                                         r  u_tick_gen/r_tick_counter_reg[11]/C
                         clock pessimism             -0.513     1.445    
    SLICE_X35Y46         FDRE (Hold_fdre_C_D)         0.105     1.550    u_tick_gen/r_tick_counter_reg[11]
  -------------------------------------------------------------------
                         required time                         -1.550    
                         arrival time                           1.818    
  -------------------------------------------------------------------
                         slack                                  0.267    

Slack (MET) :             0.268ns  (arrival time - required time)
  Source:                 u_tick_gen/r_tick_counter_reg[15]/C
                            (rising edge-triggered cell FDRE clocked by sys_clk_pin  {rise@0.000ns fall@5.000ns period=10.000ns})
  Destination:            u_tick_gen/r_tick_counter_reg[15]/D
                            (rising edge-triggered cell FDRE clocked by sys_clk_pin  {rise@0.000ns fall@5.000ns period=10.000ns})
  Path Group:             sys_clk_pin
  Path Type:              Hold (Min at Fast Process Corner)
  Requirement:            0.000ns  (sys_clk_pin rise@0.000ns - sys_clk_pin rise@0.000ns)
  Data Path Delay:        0.373ns  (logic 0.252ns (67.624%)  route 0.121ns (32.376%))
  Logic Levels:           1  (CARRY4=1)
  Clock Path Skew:        0.000ns (DCD - SCD - CPR)
    Destination Clock Delay (DCD):    1.959ns
    Source Clock Delay      (SCD):    1.446ns
    Clock Pessimism Removal (CPR):    0.513ns

    Location             Delay type                Incr(ns)  Path(ns)    Netlist Resource(s)
  -------------------------------------------------------------------    -------------------
                         (clock sys_clk_pin rise edge)
                                                      0.000     0.000 r  
    W5                                                0.000     0.000 r  clk (IN)
                         net (fo=0)                   0.000     0.000    clk
    W5                   IBUF (Prop_ibuf_I_O)         0.226     0.226 r  clk_IBUF_inst/O
                         net (fo=1, routed)           0.631     0.858    clk_IBUF
    BUFGCTRL_X0Y1        BUFG (Prop_bufg_I_O)         0.026     0.884 r  clk_IBUF_BUFG_inst/O
                         net (fo=18, routed)          0.563     1.446    u_tick_gen/clk_IBUF_BUFG
    SLICE_X35Y47         FDRE                                         r  u_tick_gen/r_tick_counter_reg[15]/C
  -------------------------------------------------------------------    -------------------
    SLICE_X35Y47         FDRE (Prop_fdre_C_Q)         0.141     1.587 r  u_tick_gen/r_tick_counter_reg[15]/Q
                         net (fo=2, routed)           0.121     1.708    u_tick_gen/r_tick_counter[15]
    SLICE_X35Y47         CARRY4 (Prop_carry4_S[2]_O[2])
                                                      0.111     1.819 r  u_tick_gen/r_tick_counter0_carry__2/O[2]
                         net (fo=1, routed)           0.000     1.819    u_tick_gen/r_tick_counter0_carry__2_n_5
    SLICE_X35Y47         FDRE                                         r  u_tick_gen/r_tick_counter_reg[15]/D
  -------------------------------------------------------------------    -------------------

                         (clock sys_clk_pin rise edge)
                                                      0.000     0.000 r  
    W5                                                0.000     0.000 r  clk (IN)
                         net (fo=0)                   0.000     0.000    clk
    W5                   IBUF (Prop_ibuf_I_O)         0.414     0.414 r  clk_IBUF_inst/O
                         net (fo=1, routed)           0.685     1.099    clk_IBUF
    BUFGCTRL_X0Y1        BUFG (Prop_bufg_I_O)         0.029     1.128 r  clk_IBUF_BUFG_inst/O
                         net (fo=18, routed)          0.832     1.959    u_tick_gen/clk_IBUF_BUFG
    SLICE_X35Y47         FDRE                                         r  u_tick_gen/r_tick_counter_reg[15]/C
                         clock pessimism             -0.513     1.446    
    SLICE_X35Y47         FDRE (Hold_fdre_C_D)         0.105     1.551    u_tick_gen/r_tick_counter_reg[15]
  -------------------------------------------------------------------
                         required time                         -1.551    
                         arrival time                           1.819    
  -------------------------------------------------------------------
                         slack                                  0.268    

Slack (MET) :             0.268ns  (arrival time - required time)
  Source:                 u_tick_gen/r_tick_counter_reg[13]/C
                            (rising edge-triggered cell FDRE clocked by sys_clk_pin  {rise@0.000ns fall@5.000ns period=10.000ns})
  Destination:            u_tick_gen/r_tick_counter_reg[13]/D
                            (rising edge-triggered cell FDRE clocked by sys_clk_pin  {rise@0.000ns fall@5.000ns period=10.000ns})
  Path Group:             sys_clk_pin
  Path Type:              Hold (Min at Fast Process Corner)
  Requirement:            0.000ns  (sys_clk_pin rise@0.000ns - sys_clk_pin rise@0.000ns)
  Data Path Delay:        0.373ns  (logic 0.256ns (68.576%)  route 0.117ns (31.424%))
  Logic Levels:           1  (CARRY4=1)
  Clock Path Skew:        0.000ns (DCD - SCD - CPR)
    Destination Clock Delay (DCD):    1.959ns
    Source Clock Delay      (SCD):    1.446ns
    Clock Pessimism Removal (CPR):    0.513ns

    Location             Delay type                Incr(ns)  Path(ns)    Netlist Resource(s)
  -------------------------------------------------------------------    -------------------
                         (clock sys_clk_pin rise edge)
                                                      0.000     0.000 r  
    W5                                                0.000     0.000 r  clk (IN)
                         net (fo=0)                   0.000     0.000    clk
    W5                   IBUF (Prop_ibuf_I_O)         0.226     0.226 r  clk_IBUF_inst/O
                         net (fo=1, routed)           0.631     0.858    clk_IBUF
    BUFGCTRL_X0Y1        BUFG (Prop_bufg_I_O)         0.026     0.884 r  clk_IBUF_BUFG_inst/O
                         net (fo=18, routed)          0.563     1.446    u_tick_gen/clk_IBUF_BUFG
    SLICE_X35Y47         FDRE                                         r  u_tick_gen/r_tick_counter_reg[13]/C
  -------------------------------------------------------------------    -------------------
    SLICE_X35Y47         FDRE (Prop_fdre_C_Q)         0.141     1.587 r  u_tick_gen/r_tick_counter_reg[13]/Q
                         net (fo=2, routed)           0.117     1.704    u_tick_gen/r_tick_counter[13]
    SLICE_X35Y47         CARRY4 (Prop_carry4_S[0]_O[0])
                                                      0.115     1.819 r  u_tick_gen/r_tick_counter0_carry__2/O[0]
                         net (fo=1, routed)           0.000     1.819    u_tick_gen/r_tick_counter0_carry__2_n_7
    SLICE_X35Y47         FDRE                                         r  u_tick_gen/r_tick_counter_reg[13]/D
  -------------------------------------------------------------------    -------------------

                         (clock sys_clk_pin rise edge)
                                                      0.000     0.000 r  
    W5                                                0.000     0.000 r  clk (IN)
                         net (fo=0)                   0.000     0.000    clk
    W5                   IBUF (Prop_ibuf_I_O)         0.414     0.414 r  clk_IBUF_inst/O
                         net (fo=1, routed)           0.685     1.099    clk_IBUF
    BUFGCTRL_X0Y1        BUFG (Prop_bufg_I_O)         0.029     1.128 r  clk_IBUF_BUFG_inst/O
                         net (fo=18, routed)          0.832     1.959    u_tick_gen/clk_IBUF_BUFG
    SLICE_X35Y47         FDRE                                         r  u_tick_gen/r_tick_counter_reg[13]/C
                         clock pessimism             -0.513     1.446    
    SLICE_X35Y47         FDRE (Hold_fdre_C_D)         0.105     1.551    u_tick_gen/r_tick_counter_reg[13]
  -------------------------------------------------------------------
                         required time                         -1.551    
                         arrival time                           1.819    
  -------------------------------------------------------------------
                         slack                                  0.268    

Slack (MET) :             0.269ns  (arrival time - required time)
  Source:                 u_tick_gen/r_tick_counter_reg[3]/C
                            (rising edge-triggered cell FDRE clocked by sys_clk_pin  {rise@0.000ns fall@5.000ns period=10.000ns})
  Destination:            u_tick_gen/r_tick_counter_reg[3]/D
                            (rising edge-triggered cell FDRE clocked by sys_clk_pin  {rise@0.000ns fall@5.000ns period=10.000ns})
  Path Group:             sys_clk_pin
  Path Type:              Hold (Min at Fast Process Corner)
  Requirement:            0.000ns  (sys_clk_pin rise@0.000ns - sys_clk_pin rise@0.000ns)
  Data Path Delay:        0.374ns  (logic 0.252ns (67.467%)  route 0.122ns (32.533%))
  Logic Levels:           1  (CARRY4=1)
  Clock Path Skew:        0.000ns (DCD - SCD - CPR)
    Destination Clock Delay (DCD):    1.958ns
    Source Clock Delay      (SCD):    1.445ns
    Clock Pessimism Removal (CPR):    0.513ns

    Location             Delay type                Incr(ns)  Path(ns)    Netlist Resource(s)
  -------------------------------------------------------------------    -------------------
                         (clock sys_clk_pin rise edge)
                                                      0.000     0.000 r  
    W5                                                0.000     0.000 r  clk (IN)
                         net (fo=0)                   0.000     0.000    clk
    W5                   IBUF (Prop_ibuf_I_O)         0.226     0.226 r  clk_IBUF_inst/O
                         net (fo=1, routed)           0.631     0.858    clk_IBUF
    BUFGCTRL_X0Y1        BUFG (Prop_bufg_I_O)         0.026     0.884 r  clk_IBUF_BUFG_inst/O
                         net (fo=18, routed)          0.562     1.445    u_tick_gen/clk_IBUF_BUFG
    SLICE_X35Y44         FDRE                                         r  u_tick_gen/r_tick_counter_reg[3]/C
  -------------------------------------------------------------------    -------------------
    SLICE_X35Y44         FDRE (Prop_fdre_C_Q)         0.141     1.586 r  u_tick_gen/r_tick_counter_reg[3]/Q
                         net (fo=2, routed)           0.122     1.708    u_tick_gen/r_tick_counter[3]
    SLICE_X35Y44         CARRY4 (Prop_carry4_S[2]_O[2])
                                                      0.111     1.819 r  u_tick_gen/r_tick_counter0_carry/O[2]
                         net (fo=1, routed)           0.000     1.819    u_tick_gen/r_tick_counter0_carry_n_5
    SLICE_X35Y44         FDRE                                         r  u_tick_gen/r_tick_counter_reg[3]/D
  -------------------------------------------------------------------    -------------------

                         (clock sys_clk_pin rise edge)
                                                      0.000     0.000 r  
    W5                                                0.000     0.000 r  clk (IN)
                         net (fo=0)                   0.000     0.000    clk
    W5                   IBUF (Prop_ibuf_I_O)         0.414     0.414 r  clk_IBUF_inst/O
                         net (fo=1, routed)           0.685     1.099    clk_IBUF
    BUFGCTRL_X0Y1        BUFG (Prop_bufg_I_O)         0.029     1.128 r  clk_IBUF_BUFG_inst/O
                         net (fo=18, routed)          0.831     1.958    u_tick_gen/clk_IBUF_BUFG
    SLICE_X35Y44         FDRE                                         r  u_tick_gen/r_tick_counter_reg[3]/C
                         clock pessimism             -0.513     1.445    
    SLICE_X35Y44         FDRE (Hold_fdre_C_D)         0.105     1.550    u_tick_gen/r_tick_counter_reg[3]
  -------------------------------------------------------------------
                         required time                         -1.550    
                         arrival time                           1.819    
  -------------------------------------------------------------------
                         slack                                  0.269    





Pulse Width Checks
--------------------------------------------------------------------------------------
Clock Name:         sys_clk_pin
Waveform(ns):       { 0.000 5.000 }
Period(ns):         10.000
Sources:            { clk }

Check Type        Corner  Lib Pin  Reference Pin  Required(ns)  Actual(ns)  Slack(ns)  Location       Pin
Min Period        n/a     BUFG/I   n/a            2.155         10.000      7.845      BUFGCTRL_X0Y1  clk_IBUF_BUFG_inst/I
Min Period        n/a     FDRE/C   n/a            1.000         10.000      9.000      SLICE_X34Y46   u_tick_gen/r_tick_counter_reg[0]/C
Min Period        n/a     FDRE/C   n/a            1.000         10.000      9.000      SLICE_X35Y46   u_tick_gen/r_tick_counter_reg[10]/C
Min Period        n/a     FDRE/C   n/a            1.000         10.000      9.000      SLICE_X35Y46   u_tick_gen/r_tick_counter_reg[11]/C
Min Period        n/a     FDRE/C   n/a            1.000         10.000      9.000      SLICE_X35Y46   u_tick_gen/r_tick_counter_reg[12]/C
Min Period        n/a     FDRE/C   n/a            1.000         10.000      9.000      SLICE_X35Y47   u_tick_gen/r_tick_counter_reg[13]/C
Min Period        n/a     FDRE/C   n/a            1.000         10.000      9.000      SLICE_X35Y47   u_tick_gen/r_tick_counter_reg[14]/C
Min Period        n/a     FDRE/C   n/a            1.000         10.000      9.000      SLICE_X35Y47   u_tick_gen/r_tick_counter_reg[15]/C
Min Period        n/a     FDRE/C   n/a            1.000         10.000      9.000      SLICE_X35Y47   u_tick_gen/r_tick_counter_reg[16]/C
Min Period        n/a     FDRE/C   n/a            1.000         10.000      9.000      SLICE_X35Y44   u_tick_gen/r_tick_counter_reg[1]/C
Low Pulse Width   Slow    FDRE/C   n/a            0.500         5.000       4.500      SLICE_X34Y46   u_tick_gen/r_tick_counter_reg[0]/C
Low Pulse Width   Fast    FDRE/C   n/a            0.500         5.000       4.500      SLICE_X34Y46   u_tick_gen/r_tick_counter_reg[0]/C
Low Pulse Width   Slow    FDRE/C   n/a            0.500         5.000       4.500      SLICE_X35Y46   u_tick_gen/r_tick_counter_reg[10]/C
Low Pulse Width   Fast    FDRE/C   n/a            0.500         5.000       4.500      SLICE_X35Y46   u_tick_gen/r_tick_counter_reg[10]/C
Low Pulse Width   Slow    FDRE/C   n/a            0.500         5.000       4.500      SLICE_X35Y46   u_tick_gen/r_tick_counter_reg[11]/C
Low Pulse Width   Fast    FDRE/C   n/a            0.500         5.000       4.500      SLICE_X35Y46   u_tick_gen/r_tick_counter_reg[11]/C
Low Pulse Width   Slow    FDRE/C   n/a            0.500         5.000       4.500      SLICE_X35Y46   u_tick_gen/r_tick_counter_reg[12]/C
Low Pulse Width   Fast    FDRE/C   n/a            0.500         5.000       4.500      SLICE_X35Y46   u_tick_gen/r_tick_counter_reg[12]/C
Low Pulse Width   Slow    FDRE/C   n/a            0.500         5.000       4.500      SLICE_X35Y47   u_tick_gen/r_tick_counter_reg[13]/C
Low Pulse Width   Fast    FDRE/C   n/a            0.500         5.000       4.500      SLICE_X35Y47   u_tick_gen/r_tick_counter_reg[13]/C
High Pulse Width  Slow    FDRE/C   n/a            0.500         5.000       4.500      SLICE_X34Y46   u_tick_gen/r_tick_counter_reg[0]/C
High Pulse Width  Fast    FDRE/C   n/a            0.500         5.000       4.500      SLICE_X34Y46   u_tick_gen/r_tick_counter_reg[0]/C
High Pulse Width  Slow    FDRE/C   n/a            0.500         5.000       4.500      SLICE_X35Y46   u_tick_gen/r_tick_counter_reg[10]/C
High Pulse Width  Fast    FDRE/C   n/a            0.500         5.000       4.500      SLICE_X35Y46   u_tick_gen/r_tick_counter_reg[10]/C
High Pulse Width  Slow    FDRE/C   n/a            0.500         5.000       4.500      SLICE_X35Y46   u_tick_gen/r_tick_counter_reg[11]/C
High Pulse Width  Fast    FDRE/C   n/a            0.500         5.000       4.500      SLICE_X35Y46   u_tick_gen/r_tick_counter_reg[11]/C
High Pulse Width  Slow    FDRE/C   n/a            0.500         5.000       4.500      SLICE_X35Y46   u_tick_gen/r_tick_counter_reg[12]/C
High Pulse Width  Fast    FDRE/C   n/a            0.500         5.000       4.500      SLICE_X35Y46   u_tick_gen/r_tick_counter_reg[12]/C
High Pulse Width  Slow    FDRE/C   n/a            0.500         5.000       4.500      SLICE_X35Y47   u_tick_gen/r_tick_counter_reg[13]/C
High Pulse Width  Fast    FDRE/C   n/a            0.500         5.000       4.500      SLICE_X35Y47   u_tick_gen/r_tick_counter_reg[13]/C



