Copyright 1986-2021 Xilinx, Inc. All Rights Reserved.
------------------------------------------------------------------------------------
| Tool Version : Vivado v.2021.1 (win64) Build 3247384 Thu Jun 10 19:36:33 MDT 2021
| Date         : Mon Mar  9 09:24:38 2026
| Host         : DESKTOP-PQ1PAHT running 64-bit major release  (build 9200)
| Command      : report_control_sets -verbose -file top_control_sets_placed.rpt
| Design       : top
| Device       : xc7a35t
------------------------------------------------------------------------------------

Control Set Information

Table of Contents
-----------------
1. Summary
2. Histogram
3. Flip-Flop Distribution
4. Detailed Control Set Information

1. Summary
----------

+----------------------------------------------------------+-------+
|                          Status                          | Count |
+----------------------------------------------------------+-------+
| Total control sets                                       |    19 |
|    Minimum number of control sets                        |    19 |
|    Addition due to synthesis replication                 |     0 |
|    Addition due to physical synthesis replication        |     0 |
| Unused register locations in slices containing registers |    53 |
+----------------------------------------------------------+-------+
* Control sets can be merged at opt_design using control_set_merge or merge_equivalent_drivers
** Run report_qor_suggestions for automated merging and remapping suggestions


2. Histogram
------------

+--------------------+-------+
|       Fanout       | Count |
+--------------------+-------+
| Total control sets |    19 |
| >= 0 to < 4        |     4 |
| >= 4 to < 6        |     3 |
| >= 6 to < 8        |     4 |
| >= 8 to < 10       |     2 |
| >= 10 to < 12      |     1 |
| >= 12 to < 14      |     0 |
| >= 14 to < 16      |     0 |
| >= 16              |     5 |
+--------------------+-------+
* Control sets can be remapped at either synth_design or opt_design


3. Flip-Flop Distribution
-------------------------

+--------------+-----------------------+------------------------+-----------------+--------------+
| Clock Enable | Synchronous Set/Reset | Asynchronous Set/Reset | Total Registers | Total Slices |
+--------------+-----------------------+------------------------+-----------------+--------------+
| No           | No                    | No                     |              10 |            5 |
| No           | No                    | Yes                    |             144 |           42 |
| No           | Yes                   | No                     |               0 |            0 |
| Yes          | No                    | No                     |               0 |            0 |
| Yes          | No                    | Yes                    |             153 |           49 |
| Yes          | Yes                   | No                     |               0 |            0 |
+--------------+-----------------------+------------------------+-----------------+--------------+


4. Detailed Control Set Information
-----------------------------------

+----------------+-----------------------------------------------------------+------------------+------------------+----------------+--------------+
|  Clock Signal  |                       Enable Signal                       | Set/Reset Signal | Slice Load Count | Bel Load Count | Bels / Slice |
+----------------+-----------------------------------------------------------+------------------+------------------+----------------+--------------+
|  clk_IBUF_BUFG | u_btn_debouncer/btn_state                                 | reset_IBUF       |                1 |              1 |         1.00 |
|  clk_IBUF_BUFG | u_ds1302/sclk5_out                                        | reset_IBUF       |                1 |              1 |         1.00 |
|  clk_IBUF_BUFG | u_ds1302/ce6_out                                          | reset_IBUF       |                1 |              1 |         1.00 |
|  clk_IBUF_BUFG | u_uart_controller/u_uart_tx/tx_i_1_n_0                    | reset_IBUF       |                1 |              1 |         1.00 |
|  clk_IBUF_BUFG | u_uart_controller/u_data_sender/byte_cnt                  | reset_IBUF       |                1 |              4 |         4.00 |
|  clk_IBUF_BUFG | u_uart_controller/u_uart_tx/r_bit_cnt                     | reset_IBUF       |                1 |              4 |         4.00 |
|  clk_IBUF_BUFG | u_ds1302/FSM_onehot_state[4]_i_1_n_0                      | reset_IBUF       |                2 |              5 |         2.50 |
|  clk_IBUF_BUFG | u_dht_controller/u_receive_data/data_bit_cnt[5]_i_1_n_0   | reset_IBUF       |                3 |              6 |         2.00 |
|  clk_IBUF_BUFG | u_ds1302/bit_cnt[5]_i_1_n_0                               | reset_IBUF       |                2 |              6 |         3.00 |
|  clk_IBUF_BUFG | u_uart_controller/u_data_sender/tx_data[6]_i_1_n_0        | reset_IBUF       |                5 |              7 |         1.40 |
|  clk_IBUF_BUFG | u_uart_controller/u_uart_tx/r_data_reg                    | reset_IBUF       |                1 |              7 |         7.00 |
|  clk_IBUF_BUFG | u_ds1302/o_min[7]_i_1_n_0                                 | reset_IBUF       |                2 |              8 |         4.00 |
|  clk_IBUF_BUFG | u_ds1302/o_sec[7]_i_1_n_0                                 | reset_IBUF       |                3 |              8 |         2.67 |
|  clk_IBUF_BUFG |                                                           |                  |                5 |             10 |         2.00 |
|  clk_IBUF_BUFG | u_dht_controller/u_receive_data/high_time_cnt[15]_i_1_n_0 | reset_IBUF       |                4 |             16 |         4.00 |
|  clk_IBUF_BUFG | u_dht_controller/u_receive_data/hum_int[7]_i_1_n_0        | reset_IBUF       |                6 |             16 |         2.67 |
|  clk_IBUF_BUFG | u_dht_controller/u_receive_data/counter[21]_i_1_n_0       | reset_IBUF       |                7 |             22 |         3.14 |
|  clk_IBUF_BUFG | u_dht_controller/u_receive_data/data[39]_i_1_n_0          | reset_IBUF       |                8 |             40 |         5.00 |
|  clk_IBUF_BUFG |                                                           | reset_IBUF       |               42 |            144 |         3.43 |
+----------------+-----------------------------------------------------------+------------------+------------------+----------------+--------------+


